Component: ARM Compiler 5.06 update 7 (build 960) Tool: armlink [4d3601]

==============================================================================

Section Cross References

    startup_stm32h723xx.o(RESET) refers to startup_stm32h723xx.o(STACK) for __initial_sp
    startup_stm32h723xx.o(RESET) refers to startup_stm32h723xx.o(.text) for Reset_Handler
    startup_stm32h723xx.o(RESET) refers to stm32h7xx_it.o(i.NMI_Handler) for NMI_Handler
    startup_stm32h723xx.o(RESET) refers to stm32h7xx_it.o(i.HardFault_Handler) for HardFault_Handler
    startup_stm32h723xx.o(RESET) refers to stm32h7xx_it.o(i.MemManage_Handler) for MemManage_Handler
    startup_stm32h723xx.o(RESET) refers to stm32h7xx_it.o(i.BusFault_Handler) for BusFault_Handler
    startup_stm32h723xx.o(RESET) refers to stm32h7xx_it.o(i.UsageFault_Handler) for UsageFault_Handler
    startup_stm32h723xx.o(RESET) refers to stm32h7xx_it.o(i.SVC_Handler) for SVC_Handler
    startup_stm32h723xx.o(RESET) refers to stm32h7xx_it.o(i.DebugMon_Handler) for DebugMon_Handler
    startup_stm32h723xx.o(RESET) refers to stm32h7xx_it.o(i.PendSV_Handler) for PendSV_Handler
    startup_stm32h723xx.o(RESET) refers to stm32h7xx_it.o(i.SysTick_Handler) for SysTick_Handler
    startup_stm32h723xx.o(RESET) refers to stm32h7xx_it.o(i.DMA1_Stream0_IRQHandler) for DMA1_Stream0_IRQHandler
    startup_stm32h723xx.o(RESET) refers to stm32h7xx_it.o(i.DMA1_Stream1_IRQHandler) for DMA1_Stream1_IRQHandler
    startup_stm32h723xx.o(RESET) refers to stm32h7xx_it.o(i.USART1_IRQHandler) for USART1_IRQHandler
    startup_stm32h723xx.o(.text) refers to system_stm32h7xx.o(i.ExitRun0Mode) for ExitRun0Mode
    startup_stm32h723xx.o(.text) refers to system_stm32h7xx.o(i.SystemInit) for SystemInit
    startup_stm32h723xx.o(.text) refers to entry.o(.ARM.Collect$$$$00000000) for __main
    main.o(i.MPU_Config) refers to stm32h7xx_hal_cortex.o(i.HAL_MPU_Disable) for HAL_MPU_Disable
    main.o(i.SystemClock_Config) refers to memseta.o(.text) for __aeabi_memclr4
    main.o(i.SystemClock_Config) refers to stm32h7xx_hal_pwr_ex.o(i.HAL_PWREx_ConfigSupply) for HAL_PWREx_ConfigSupply
    main.o(i.SystemClock_Config) refers to stm32h7xx_hal_rcc.o(i.HAL_RCC_OscConfig) for HAL_RCC_OscConfig
    main.o(i.SystemClock_Config) refers to main.o(i.Error_Handler) for Error_Handler
    main.o(i.SystemClock_Config) refers to stm32h7xx_hal_rcc.o(i.HAL_RCC_ClockConfig) for HAL_RCC_ClockConfig
    main.o(i.main) refers to main.o(i.MPU_Config) for MPU_Config
    main.o(i.main) refers to stm32h7xx_hal.o(i.HAL_Init) for HAL_Init
    main.o(i.main) refers to main.o(i.SystemClock_Config) for SystemClock_Config
    main.o(i.main) refers to gpio.o(i.MX_GPIO_Init) for MX_GPIO_Init
    main.o(i.main) refers to dma.o(i.MX_DMA_Init) for MX_DMA_Init
    main.o(i.main) refers to tim.o(i.MX_TIM2_Init) for MX_TIM2_Init
    main.o(i.main) refers to usart.o(i.MX_USART1_UART_Init) for MX_USART1_UART_Init
    main.o(i.main) refers to uart_x.o(i.initUartDma) for initUartDma
    main.o(i.main) refers to stm32h7xx_hal_tim.o(i.HAL_TIM_Base_Start) for HAL_TIM_Base_Start
    main.o(i.main) refers to uart_x.o(i.uart_dma__run) for uart_dma__run
    main.o(i.main) refers to boot.o(i.deal_recv) for deal_recv
    main.o(i.main) refers to stm32h7xx_hal_rcc.o(i.HAL_RCC_DeInit) for HAL_RCC_DeInit
    main.o(i.main) refers to stm32h7xx_hal.o(i.HAL_DeInit) for HAL_DeInit
    main.o(i.main) refers to boot.o(i.iap_load_app) for iap_load_app
    main.o(i.main) refers to uart_x.o(.RAM_D1) for com_u4
    main.o(i.main) refers to usart.o(.bss) for huart1
    main.o(i.main) refers to tim.o(.bss) for htim2
    main.o(i.main) refers to stm32h7xx_hal.o(.data) for uwTick
    main.o(i.main) refers to main.o(.data) for cnt_jump
    dma.o(i.MX_DMA_Init) refers to stm32h7xx_hal_cortex.o(i.HAL_NVIC_SetPriority) for HAL_NVIC_SetPriority
    dma.o(i.MX_DMA_Init) refers to stm32h7xx_hal_cortex.o(i.HAL_NVIC_EnableIRQ) for HAL_NVIC_EnableIRQ
    tim.o(i.MX_TIM2_Init) refers to stm32h7xx_hal_tim.o(i.HAL_TIM_Base_Init) for HAL_TIM_Base_Init
    tim.o(i.MX_TIM2_Init) refers to main.o(i.Error_Handler) for Error_Handler
    tim.o(i.MX_TIM2_Init) refers to stm32h7xx_hal_tim.o(i.HAL_TIM_ConfigClockSource) for HAL_TIM_ConfigClockSource
    tim.o(i.MX_TIM2_Init) refers to stm32h7xx_hal_tim_ex.o(i.HAL_TIMEx_MasterConfigSynchronization) for HAL_TIMEx_MasterConfigSynchronization
    tim.o(i.MX_TIM2_Init) refers to tim.o(.bss) for htim2
    usart.o(i.HAL_UART_MspDeInit) refers to stm32h7xx_hal_gpio.o(i.HAL_GPIO_DeInit) for HAL_GPIO_DeInit
    usart.o(i.HAL_UART_MspDeInit) refers to stm32h7xx_hal_dma.o(i.HAL_DMA_DeInit) for HAL_DMA_DeInit
    usart.o(i.HAL_UART_MspDeInit) refers to stm32h7xx_hal_cortex.o(i.HAL_NVIC_DisableIRQ) for HAL_NVIC_DisableIRQ
    usart.o(i.HAL_UART_MspInit) refers to memseta.o(.text) for __aeabi_memclr4
    usart.o(i.HAL_UART_MspInit) refers to stm32h7xx_hal_rcc_ex.o(i.HAL_RCCEx_PeriphCLKConfig) for HAL_RCCEx_PeriphCLKConfig
[...]
    Removing stm32h7xx_hal_tim.o(i.TIM_DMADelayPulseHalfCplt), (64 bytes).
    Removing stm32h7xx_hal_tim.o(i.TIM_DMAError), (94 bytes).
    Removing stm32h7xx_hal_tim.o(i.TIM_DMAPeriodElapsedCplt), (26 bytes).
    Removing stm32h7xx_hal_tim.o(i.TIM_DMAPeriodElapsedHalfCplt), (14 bytes).
    Removing stm32h7xx_hal_tim.o(i.TIM_DMATriggerCplt), (26 bytes).
    Removing stm32h7xx_hal_tim.o(i.TIM_DMATriggerHalfCplt), (14 bytes).
    Removing stm32h7xx_hal_tim.o(i.TIM_OC1_SetConfig), (172 bytes).
    Removing stm32h7xx_hal_tim.o(i.TIM_OC2_SetConfig), (180 bytes).
    Removing stm32h7xx_hal_tim.o(i.TIM_OC3_SetConfig), (180 bytes).
    Removing stm32h7xx_hal_tim.o(i.TIM_OC4_SetConfig), (116 bytes).
    Removing stm32h7xx_hal_tim.o(i.TIM_OC5_SetConfig), (112 bytes).
    Removing stm32h7xx_hal_tim.o(i.TIM_OC6_SetConfig), (112 bytes).
    Removing stm32h7xx_hal_tim.o(i.TIM_SlaveTimer_SetConfig), (296 bytes).
    Removing stm32h7xx_hal_tim.o(i.TIM_TI1_SetConfig), (164 bytes).
    Removing stm32h7xx_hal_tim.o(i.TIM_TI2_SetConfig), (58 bytes).
    Removing stm32h7xx_hal_tim.o(i.TIM_TI3_SetConfig), (56 bytes).
    Removing stm32h7xx_hal_tim.o(i.TIM_TI4_SetConfig), (60 bytes).
    Removing stm32h7xx_hal_tim_ex.o(.rev16_text), (4 bytes).
    Removing stm32h7xx_hal_tim_ex.o(.revsh_text), (4 bytes).
    Removing stm32h7xx_hal_tim_ex.o(.rrx_text), (6 bytes).
    Removing stm32h7xx_hal_tim_ex.o(i.HAL_TIMEx_Break2Callback), (2 bytes).
    Removing stm32h7xx_hal_tim_ex.o(i.HAL_TIMEx_BreakCallback), (2 bytes).
    Removing stm32h7xx_hal_tim_ex.o(i.HAL_TIMEx_CommutCallback), (2 bytes).
    Removing stm32h7xx_hal_tim_ex.o(i.HAL_TIMEx_CommutHalfCpltCallback), (2 bytes).
    Removing stm32h7xx_hal_tim_ex.o(i.HAL_TIMEx_ConfigBreakDeadTime), (200 bytes).
    Removing stm32h7xx_hal_tim_ex.o(i.HAL_TIMEx_ConfigBreakInput), (226 bytes).
    Removing stm32h7xx_hal_tim_ex.o(i.HAL_TIMEx_ConfigCommutEvent), (156 bytes).
    Removing stm32h7xx_hal_tim_ex.o(i.HAL_TIMEx_ConfigCommutEvent_DMA), (184 bytes).
    Removing stm32h7xx_hal_tim_ex.o(i.HAL_TIMEx_ConfigCommutEvent_IT), (156 bytes).
    Removing stm32h7xx_hal_tim_ex.o(i.HAL_TIMEx_DisarmBreakInput), (94 bytes).
    Removing stm32h7xx_hal_tim_ex.o(i.HAL_TIMEx_GetChannelNState), (38 bytes).
    Removing stm32h7xx_hal_tim_ex.o(i.HAL_TIMEx_GroupChannel5), (72 bytes).
    Removing stm32h7xx_hal_tim_ex.o(i.HAL_TIMEx_HallSensor_DeInit), (96 bytes).
    Removing stm32h7xx_hal_tim_ex.o(i.HAL_TIMEx_HallSensor_GetState), (8 bytes).
    Removing stm32h7xx_hal_tim_ex.o(i.HAL_TIMEx_HallSensor_Init), (244 bytes).
    Removing stm32h7xx_hal_tim_ex.o(i.HAL_TIMEx_HallSensor_MspDeInit), (2 bytes).
    Removing stm32h7xx_hal_tim_ex.o(i.HAL_TIMEx_HallSensor_MspInit), (2 bytes).
    Removing stm32h7xx_hal_tim_ex.o(i.HAL_TIMEx_HallSensor_Start), (252 bytes).
    Removing stm32h7xx_hal_tim_ex.o(i.HAL_TIMEx_HallSensor_Start_DMA), (316 bytes).
    Removing stm32h7xx_hal_tim_ex.o(i.HAL_TIMEx_HallSensor_Start_IT), (264 bytes).
    Removing stm32h7xx_hal_tim_ex.o(i.HAL_TIMEx_HallSensor_Stop), (78 bytes).
    Removing stm32h7xx_hal_tim_ex.o(i.HAL_TIMEx_HallSensor_Stop_DMA), (84 bytes).
    Removing stm32h7xx_hal_tim_ex.o(i.HAL_TIMEx_HallSensor_Stop_IT), (90 bytes).
    Removing stm32h7xx_hal_tim_ex.o(i.HAL_TIMEx_OCN_Start), (280 bytes).
    Removing stm32h7xx_hal_tim_ex.o(i.HAL_TIMEx_OCN_Start_DMA), (544 bytes).
    Removing stm32h7xx_hal_tim_ex.o(i.HAL_TIMEx_OCN_Start_IT), (364 bytes).
    Removing stm32h7xx_hal_tim_ex.o(i.HAL_TIMEx_OCN_Stop), (136 bytes).
    Removing stm32h7xx_hal_tim_ex.o(i.HAL_TIMEx_OCN_Stop_DMA), (220 bytes).
    Removing stm32h7xx_hal_tim_ex.o(i.HAL_TIMEx_OCN_Stop_IT), (230 bytes).
    Removing stm32h7xx_hal_tim_ex.o(i.HAL_TIMEx_OnePulseN_Start), (118 bytes).
    Removing stm32h7xx_hal_tim_ex.o(i.HAL_TIMEx_OnePulseN_Start_IT), (142 bytes).
    Removing stm32h7xx_hal_tim_ex.o(i.HAL_TIMEx_OnePulseN_Stop), (138 bytes).
    Removing stm32h7xx_hal_tim_ex.o(i.HAL_TIMEx_OnePulseN_Stop_IT), (162 bytes).
    Removing stm32h7xx_hal_tim_ex.o(i.HAL_TIMEx_PWMN_Start), (280 bytes).
    Removing stm32h7xx_hal_tim_ex.o(i.HAL_TIMEx_PWMN_Start_DMA), (544 bytes).
    Removing stm32h7xx_hal_tim_ex.o(i.HAL_TIMEx_PWMN_Start_IT), (364 bytes).
    Removing stm32h7xx_hal_tim_ex.o(i.HAL_TIMEx_PWMN_Stop), (136 bytes).
    Removing stm32h7xx_hal_tim_ex.o(i.HAL_TIMEx_PWMN_Stop_DMA), (220 bytes).
    Removing stm32h7xx_hal_tim_ex.o(i.HAL_TIMEx_PWMN_Stop_IT), (230 bytes).
    Removing stm32h7xx_hal_tim_ex.o(i.HAL_TIMEx_ReArmBreakInput), (152 bytes).
    Removing stm32h7xx_hal_tim_ex.o(i.HAL_TIMEx_RemapConfig), (52 bytes).
    Removing stm32h7xx_hal_tim_ex.o(i.HAL_TIMEx_TISelection), (128 bytes).
    Removing stm32h7xx_hal_tim_ex.o(i.TIMEx_DMACommutationCplt), (20 bytes).
    Removing stm32h7xx_hal_tim_ex.o(i.TIMEx_DMACommutationHalfCplt), (20 bytes).
    Removing stm32h7xx_hal_tim_ex.o(i.TIM_CCxNChannelCmd), (34 bytes).
    Removing stm32h7xx_hal_tim_ex.o(i.TIM_DMADelayPulseNCplt), (82 bytes).
    Removing stm32h7xx_hal_tim_ex.o(i.TIM_DMAErrorCCxN), (68 bytes).
    Removing stm32h7xx_hal_uart.o(.rev16_text), (4 bytes).
    Removing stm32h7xx_hal_uart.o(.revsh_text), (4 bytes).
    Removing stm32h7xx_hal_uart.o(.rrx_text), (6 bytes).
    Removing stm32h7xx_hal_uart.o(i.HAL_HalfDuplex_EnableReceiver), (102 bytes).
    Removing stm32h7xx_hal_uart.o(i.HAL_HalfDuplex_EnableTransmitter), (102 bytes).
    Removing stm32h7xx_hal_uart.o(i.HAL_HalfDuplex_Init), (124 bytes).
    Removing stm32h7xx_hal_uart.o(i.HAL_LIN_Init), (160 bytes).
    Removing stm32h7xx_hal_uart.o(i.HAL_LIN_SendBreak), (62 bytes).
    Removing stm32h7xx_hal_uart.o(i.HAL_MultiProcessor_DisableMuteMode), (72 bytes).
    Removing stm32h7xx_hal_uart.o(i.HAL_MultiProcessor_EnableMuteMode), (72 bytes).
    Removing stm32h7xx_hal_uart.o(i.HAL_MultiProcessor_EnterMuteMode), (14 bytes).
    Removing stm32h7xx_hal_uart.o(i.HAL_MultiProcessor_Init), (148 bytes).
    Removing stm32h7xx_hal_uart.o(i.HAL_UART_Abort), (336 bytes).
    Removing stm32h7xx_hal_uart.o(i.HAL_UART_AbortCpltCallback), (2 bytes).
    Removing stm32h7xx_hal_uart.o(i.HAL_UART_AbortReceive), (224 bytes).
    Removing stm32h7xx_hal_uart.o(i.HAL_UART_AbortReceiveCpltCallback), (2 bytes).
    Removing stm32h7xx_hal_uart.o(i.HAL_UART_AbortReceive_IT), (256 bytes).
    Removing stm32h7xx_hal_uart.o(i.HAL_UART_AbortTransmit), (176 bytes).
    Removing stm32h7xx_hal_uart.o(i.HAL_UART_AbortTransmitCpltCallback), (2 bytes).
    Removing stm32h7xx_hal_uart.o(i.HAL_UART_AbortTransmit_IT), (200 bytes).
    Removing stm32h7xx_hal_uart.o(i.HAL_UART_Abort_IT), (396 bytes).
    Removing stm32h7xx_hal_uart.o(i.HAL_UART_DMAPause), (164 bytes).
    Removing stm32h7xx_hal_uart.o(i.HAL_UART_DMAResume), (148 bytes).
    Removing stm32h7xx_hal_uart.o(i.HAL_UART_DMAStop), (190 bytes).
    Removing stm32h7xx_hal_uart.o(i.HAL_UART_DeInit), (76 bytes).
    Removing stm32h7xx_hal_uart.o(i.HAL_UART_DisableReceiverTimeout), (88 bytes).
    Removing stm32h7xx_hal_uart.o(i.HAL_UART_EnableReceiverTimeout), (88 bytes).
    Removing stm32h7xx_hal_uart.o(i.HAL_UART_GetError), (8 bytes).
    Removing stm32h7xx_hal_uart.o(i.HAL_UART_GetState), (16 bytes).
    Removing stm32h7xx_hal_uart.o(i.HAL_UART_MspDeInit), (2 bytes).
    Removing stm32h7xx_hal_uart.o(i.HAL_UART_MspInit), (2 bytes).
    Removing stm32h7xx_hal_uart.o(i.HAL_UART_Receive), (274 bytes).
    Removing stm32h7xx_hal_uart.o(i.HAL_UART_Receive_DMA), (92 bytes).
    Removing stm32h7xx_hal_uart.o(i.HAL_UART_Receive_IT), (92 bytes).
    Removing stm32h7xx_hal_uart.o(i.HAL_UART_ReceiverTimeout_Config), (28 bytes).
    Removing stm32h7xx_hal_uart.o(i.HAL_UART_RxCpltCallback), (2 bytes).
    Removing stm32h7xx_hal_uart.o(i.HAL_UART_RxHalfCpltCallback), (2 bytes).
    Removing stm32h7xx_hal_uart.o(i.HAL_UART_Transmit), (194 bytes).
    Removing stm32h7xx_hal_uart.o(i.HAL_UART_Transmit_DMA), (160 bytes).
    Removing stm32h7xx_hal_uart.o(i.HAL_UART_Transmit_IT), (172 bytes).
    Removing stm32h7xx_hal_uart.o(i.HAL_UART_TxHalfCpltCallback), (2 bytes).
    Removing stm32h7xx_hal_uart.o(i.UART_DMAError), (94 bytes).
    Removing stm32h7xx_hal_uart.o(i.UART_DMAReceiveCplt), (174 bytes).
    Removing stm32h7xx_hal_uart.o(i.UART_DMARxAbortCallback), (82 bytes).
    Removing stm32h7xx_hal_uart.o(i.UART_DMARxHalfCplt), (38 bytes).
    Removing stm32h7xx_hal_uart.o(i.UART_DMARxOnlyAbortCallback), (48 bytes).
    Removing stm32h7xx_hal_uart.o(i.UART_DMATransmitCplt), (84 bytes).
    Removing stm32h7xx_hal_uart.o(i.UART_DMATxAbortCallback), (92 bytes).
    Removing stm32h7xx_hal_uart.o(i.UART_DMATxHalfCplt), (14 bytes).
    Removing stm32h7xx_hal_uart.o(i.UART_DMATxOnlyAbortCallback), (46 bytes).
    Removing stm32h7xx_hal_uart.o(i.UART_EndTxTransfer), (64 bytes).
    Removing stm32h7xx_hal_uart.o(i.UART_RxISR_16BIT), (260 bytes).
    Removing stm32h7xx_hal_uart.o(i.UART_RxISR_16BIT_FIFOEN), (512 bytes).
    Removing stm32h7xx_hal_uart.o(i.UART_RxISR_8BIT), (260 bytes).
    Removing stm32h7xx_hal_uart.o(i.UART_RxISR_8BIT_FIFOEN), (508 bytes).
    Removing stm32h7xx_hal_uart.o(i.UART_Start_Receive_DMA), (200 bytes).
    Removing stm32h7xx_hal_uart.o(i.UART_Start_Receive_IT), (348 bytes).
    Removing stm32h7xx_hal_uart.o(i.UART_TxISR_16BIT), (98 bytes).
    Removing stm32h7xx_hal_uart.o(i.UART_TxISR_16BIT_FIFOEN), (130 bytes).
    Removing stm32h7xx_hal_uart.o(i.UART_TxISR_8BIT), (92 bytes).
    Removing stm32h7xx_hal_uart.o(i.UART_TxISR_8BIT_FIFOEN), (126 bytes).
    Removing stm32h7xx_hal_uart_ex.o(.rev16_text), (4 bytes).
    Removing stm32h7xx_hal_uart_ex.o(.revsh_text), (4 bytes).
    Removing stm32h7xx_hal_uart_ex.o(.rrx_text), (6 bytes).
    Removing stm32h7xx_hal_uart_ex.o(i.HAL_MultiProcessorEx_AddressLength_Set), (64 bytes).
    Removing stm32h7xx_hal_uart_ex.o(i.HAL_RS485Ex_Init), (152 bytes).
    Removing stm32h7xx_hal_uart_ex.o(i.HAL_UARTEx_DisableStopMode), (64 bytes).
    Removing stm32h7xx_hal_uart_ex.o(i.HAL_UARTEx_EnableFifoMode), (88 bytes).
    Removing stm32h7xx_hal_uart_ex.o(i.HAL_UARTEx_EnableStopMode), (64 bytes).
    Removing stm32h7xx_hal_uart_ex.o(i.HAL_UARTEx_GetRxEventType), (6 bytes).
    Removing stm32h7xx_hal_uart_ex.o(i.HAL_UARTEx_ReceiveToIdle), (362 bytes).
    Removing stm32h7xx_hal_uart_ex.o(i.HAL_UARTEx_ReceiveToIdle_DMA), (98 bytes).
    Removing stm32h7xx_hal_uart_ex.o(i.HAL_UARTEx_ReceiveToIdle_IT), (96 bytes).
    Removing stm32h7xx_hal_uart_ex.o(i.HAL_UARTEx_StopModeWakeUpSourceConfig), (144 bytes).
    Removing stm32h7xx_hal_uart_ex.o(i.UARTEx_Wakeup_AddressConfig), (38 bytes).
    Removing system_stm32h7xx.o(.rev16_text), (4 bytes).
    Removing system_stm32h7xx.o(.revsh_text), (4 bytes).
    Removing system_stm32h7xx.o(.rrx_text), (6 bytes).
    Removing system_stm32h7xx.o(i.SystemCoreClockUpdate), (564 bytes).
    Removing uart_x.o(.rev16_text), (4 bytes).
    Removing uart_x.o(.revsh_text), (4 bytes).
    Removing uart_x.o(.rrx_text), (6 bytes).
    Removing uart_x.o(i.cal_sum), (28 bytes).
    Removing uart_x.o(i.cal_xor), (26 bytes).
    Removing uart_x.o(i.com_test), (42 bytes).
    Removing uart_x.o(i.com_transpond), (68 bytes).
    Removing uart_x.o(i.putcharx), (28 bytes).
    Removing uart_x.o(i.putdatas), (24 bytes).
    Removing uart_x.o(i.puthex), (48 bytes).
    Removing uart_x.o(i.putstr), (22 bytes).
    Removing uart_x.o(i.str2hex), (104 bytes).
    Removing uart_x.o(.bss), (28 bytes).
    Removing uart_x.o(.constdata), (16 bytes).
    Removing uart_x.o(.data), (1 bytes).
    Removing boot.o(.rev16_text), (4 bytes).
    Removing boot.o(.revsh_text), (4 bytes).
    Removing boot.o(.rrx_text), (6 bytes).
    Removing boot.o(i.send_to_ws), (18 bytes).
    Removing boot.o(i.str_compare), (40 bytes).

676 unused section(s) (total 77071 bytes) removed from the image.

==============================================================================

Image Symbol Table

    Local Symbols

    Symbol Name                              Value     Ov Type        Size  Object(Section)

    ../Core/Src/dma.c                        0x00000000   Number         0  dma.o ABSOLUTE
    ../Core/Src/gpio.c                       0x00000000   Number         0  gpio.o ABSOLUTE
    ../Core/Src/main.c                       0x00000000   Number         0  main.o ABSOLUTE
    ../Core/Src/memorymap.c                  0x00000000   Number         0  memorymap.o ABSOLUTE
    ../Core/Src/stm32h7xx_hal_msp.c          0x00000000   Number         0  stm32h7xx_hal_msp.o ABSOLUTE
    ../Core/Src/stm32h7xx_it.c               0x00000000   Number         0  stm32h7xx_it.o ABSOLUTE
    ../Core/Src/system_stm32h7xx.c           0x00000000   Number         0  system_stm32h7xx.o ABSOLUTE
    ../Core/Src/tim.c                        0x00000000   Number         0  tim.o ABSOLUTE
    ../Core/Src/usart.c                      0x00000000   Number         0  usart.o ABSOLUTE
    ../Drivers/STM32H7xx_HAL_Driver/Src/stm32h7xx_hal.c 0x00000000   Number         0  stm32h7xx_hal.o ABSOLUTE
    ../Drivers/STM32H7xx_HAL_Driver/Src/stm32h7xx_hal_cortex.c 0x00000000   Number         0  stm32h7xx_hal_cortex.o ABSOLUTE
    ../Drivers/STM32H7xx_HAL_Driver/Src/stm32h7xx_hal_dma.c 0x00000000   Number         0  stm32h7xx_hal_dma.o ABSOLUTE
    ../Drivers/STM32H7xx_HAL_Driver/Src/stm32h7xx_hal_dma_ex.c 0x00000000   Number         0  stm32h7xx_hal_dma_ex.o ABSOLUTE
    ../Drivers/STM32H7xx_HAL_Driver/Src/stm32h7xx_hal_exti.c 0x00000000   Number         0  stm32h7xx_hal_exti.o ABSOLUTE
    ../Drivers/STM32H7xx_HAL_Driver/Src/stm32h7xx_hal_flash.c 0x00000000   Number         0  stm32h7xx_hal_flash.o ABSOLUTE
    ../Drivers/STM32H7xx_HAL_Driver/Src/stm32h7xx_hal_flash_ex.c 0x00000000   Number         0  stm32h7xx_hal_flash_ex.o ABSOLUTE
    ../Drivers/STM32H7xx_HAL_Driver/Src/stm32h7xx_hal_gpio.c 0x00000000   Number         0  stm32h7xx_hal_gpio.o ABSOLUTE
    ../Drivers/STM32H7xx_HAL_Driver/Src/stm32h7xx_hal_hsem.c 0x00000000   Number         0  stm32h7xx_hal_hsem.o ABSOLUTE
    ../Drivers/STM32H7xx_HAL_Driver/Src/stm32h7xx_hal_i2c.c 0x00000000   Number         0  stm32h7xx_hal_i2c.o ABSOLUTE
    ../Drivers/STM32H7xx_HAL_Driver/Src/stm32h7xx_hal_i2c_ex.c 0x00000000   Number         0  stm32h7xx_hal_i2c_ex.o ABSOLUTE
    ../Drivers/STM32H7xx_HAL_Driver/Src/stm32h7xx_hal_mdma.c 0x00000000   Number         0  stm32h7xx_hal_mdma.o ABSOLUTE
    ../Drivers/STM32H7xx_HAL_Driver/Src/stm32h7xx_hal_pwr.c 0x00000000   Number         0  stm32h7xx_hal_pwr.o ABSOLUTE
    ../Drivers/STM32H7xx_HAL_Driver/Src/stm32h7xx_hal_pwr_ex.c 0x00000000   Number         0  stm32h7xx_hal_pwr_ex.o ABSOLUTE
    ../Drivers/STM32H7xx_HAL_Driver/Src/stm32h7xx_hal_rcc.c 0x00000000   Number         0  stm32h7xx_hal_rcc.o ABSOLUTE
    ../Drivers/STM32H7xx_HAL_Driver/Src/stm32h7xx_hal_rcc_ex.c 0x00000000   Number         0  stm32h7xx_hal_rcc_ex.o ABSOLUTE
    ../Drivers/STM32H7xx_HAL_Driver/Src/stm32h7xx_hal_tim.c 0x00000000   Number         0  stm32h7xx_hal_tim.o ABSOLUTE
    ../Drivers/STM32H7xx_HAL_Driver/Src/stm32h7xx_hal_tim_ex.c 0x00000000   Number         0  stm32h7xx_hal_tim_ex.o ABSOLUTE
    ../Drivers/STM32H7xx_HAL_Driver/Src/stm32h7xx_hal_uart.c 0x00000000   Number         0  stm32h7xx_hal_uart.o ABSOLUTE
    ../Drivers/STM32H7xx_HAL_Driver/Src/stm32h7xx_hal_uart_ex.c 0x00000000   Number         0  stm32h7xx_hal_uart_ex.o ABSOLUTE
    ../clib/../cmprslib/zerorunl2.c          0x00000000   Number         0  __dczerorl2.o ABSOLUTE
    ../clib/microlib/division.c              0x00000000   Number         0  uldiv.o ABSOLUTE
    ../clib/microlib/init/entry.s            0x00000000   Number         0  entry11a.o ABSOLUTE
    ../clib/microlib/init/entry.s            0x00000000   Number         0  entry.o ABSOLUTE
    ../clib/microlib/init/entry.s            0x00000000   Number         0  entry5.o ABSOLUTE
    ../clib/microlib/init/entry.s            0x00000000   Number         0  entry11b.o ABSOLUTE
    ../clib/microlib/init/entry.s            0x00000000   Number         0  entry12b.o ABSOLUTE
    ../clib/microlib/init/entry.s            0x00000000   Number         0  entry10b.o ABSOLUTE
    ../clib/microlib/init/entry.s            0x00000000   Number         0  entry10a.o ABSOLUTE
    ../clib/microlib/init/entry.s            0x00000000   Number         0  entry9b.o ABSOLUTE
    ../clib/microlib/init/entry.s            0x00000000   Number         0  entry9a.o ABSOLUTE
    ../clib/microlib/init/entry.s            0x00000000   Number         0  entry8b.o ABSOLUTE
    ../clib/microlib/init/entry.s            0x00000000   Number         0  entry7b.o ABSOLUTE
    ../clib/microlib/init/entry.s            0x00000000   Number         0  entry12a.o ABSOLUTE
    ../clib/microlib/init/entry.s            0x00000000   Number         0  entry7a.o ABSOLUTE
    ../clib/microlib/init/entry.s            0x00000000   Number         0  entry2.o ABSOLUTE
    ../clib/microlib/init/entry.s            0x00000000   Number         0  entry8a.o ABSOLUTE
    ../clib/microlib/longlong.c              0x00000000   Number         0  llushr.o ABSOLUTE
    ../clib/microlib/longlong.c              0x00000000   Number         0  llshl.o ABSOLUTE
    ../clib/microlib/string/memcpy.c         0x00000000   Number         0  memcpyb.o ABSOLUTE
    ../clib/microlib/string/memcpy.c         0x00000000   Number         0  memcpya.o ABSOLUTE
    ../clib/microlib/string/memset.c         0x00000000   Number         0  memseta.o ABSOLUTE
    ..\Core\Src\dma.c                        0x00000000   Number         0  dma.o ABSOLUTE
    ..\Core\Src\gpio.c                       0x00000000   Number         0  gpio.o ABSOLUTE
    ..\Core\Src\main.c                       0x00000000   Number         0  main.o ABSOLUTE
    ..\Core\Src\memorymap.c                  0x00000000   Number         0  memorymap.o ABSOLUTE
    ..\Core\Src\stm32h7xx_hal_msp.c          0x00000000   Number         0  stm32h7xx_hal_msp.o ABSOLUTE
    ..\Core\Src\stm32h7xx_it.c               0x00000000   Number         0  stm32h7xx_it.o ABSOLUTE
    ..\Core\Src\system_stm32h7xx.c           0x00000000   Number         0  system_stm32h7xx.o ABSOLUTE
    ..\Core\Src\tim.c                        0x00000000   Number         0  tim.o ABSOLUTE
    ..\Core\Src\usart.c                      0x00000000   Number         0  usart.o ABSOLUTE
    ..\Drivers\STM32H7xx_HAL_Driver\Src\stm32h7xx_hal.c 0x00000000   Number         0  stm32h7xx_hal.o ABSOLUTE
    ..\Drivers\STM32H7xx_HAL_Driver\Src\stm32h7xx_hal_cortex.c 0x00000000   Number         0  stm32h7xx_hal_cortex.o ABSOLUTE
    ..\Drivers\STM32H7xx_HAL_Driver\Src\stm32h7xx_hal_dma.c 0x00000000   Number         0  stm32h7xx_hal_dma.o ABSOLUTE
    ..\Drivers\STM32H7xx_HAL_Driver\Src\stm32h7xx_hal_dma_ex.c 0x00000000   Number         0  stm32h7xx_hal_dma_ex.o ABSOLUTE
    ..\Drivers\STM32H7xx_HAL_Driver\Src\stm32h7xx_hal_exti.c 0x00000000   Number         0  stm32h7xx_hal_exti.o ABSOLUTE
    ..\Drivers\STM32H7xx_HAL_Driver\Src\stm32h7xx_hal_flash.c 0x00000000   Number         0  stm32h7xx_hal_flash.o ABSOLUTE
    ..\Drivers\STM32H7xx_HAL_Driver\Src\stm32h7xx_hal_flash_ex.c 0x00000000   Number         0  stm32h7xx_hal_flash_ex.o ABSOLUTE
    ..\Drivers\STM32H7xx_HAL_Driver\Src\stm32h7xx_hal_gpio.c 0x00000000   Number         0  stm32h7xx_hal_gpio.o ABSOLUTE
    ..\Drivers\STM32H7xx_HAL_Driver\Src\stm32h7xx_hal_hsem.c 0x00000000   Number         0  stm32h7xx_hal_hsem.o ABSOLUTE
    ..\Drivers\STM32H7xx_HAL_Driver\Src\stm32h7xx_hal_i2c.c 0x00000000   Number         0  stm32h7xx_hal_i2c.o ABSOLUTE
    ..\Drivers\STM32H7xx_HAL_Driver\Src\stm32h7xx_hal_i2c_ex.c 0x00000000   Number         0  stm32h7xx_hal_i2c_ex.o ABSOLUTE
    ..\Drivers\STM32H7xx_HAL_Driver\Src\stm32h7xx_hal_mdma.c 0x00000000   Number         0  stm32h7xx_hal_mdma.o ABSOLUTE
    ..\Drivers\STM32H7xx_HAL_Driver\Src\stm32h7xx_hal_pwr.c 0x00000000   Number         0  stm32h7xx_hal_pwr.o ABSOLUTE
    ..\Drivers\STM32H7xx_HAL_Driver\Src\stm32h7xx_hal_pwr_ex.c 0x00000000   Number         0  stm32h7xx_hal_pwr_ex.o ABSOLUTE
    ..\Drivers\STM32H7xx_HAL_Driver\Src\stm32h7xx_hal_rcc.c 0x00000000   Number         0  stm32h7xx_hal_rcc.o ABSOLUTE
    ..\Drivers\STM32H7xx_HAL_Driver\Src\stm32h7xx_hal_rcc_ex.c 0x00000000   Number         0  stm32h7xx_hal_rcc_ex.o ABSOLUTE
    ..\Drivers\STM32H7xx_HAL_Driver\Src\stm32h7xx_hal_tim.c 0x00000000   Number         0  stm32h7xx_hal_tim.o ABSOLUTE
    ..\Drivers\STM32H7xx_HAL_Driver\Src\stm32h7xx_hal_tim_ex.c 0x00000000   Number         0  stm32h7xx_hal_tim_ex.o ABSOLUTE
    ..\Drivers\STM32H7xx_HAL_Driver\Src\stm32h7xx_hal_uart.c 0x00000000   Number         0  stm32h7xx_hal_uart.o ABSOLUTE
    ..\Drivers\STM32H7xx_HAL_Driver\Src\stm32h7xx_hal_uart_ex.c 0x00000000   Number         0  stm32h7xx_hal_uart_ex.o ABSOLUTE
    ..\\boot_opt\\boot.c                     0x00000000   Number         0  boot.o ABSOLUTE
    ..\\uart_opt\\uart_x.c                   0x00000000   Number         0  uart_x.o ABSOLUTE
    ..\boot_opt\boot.c                       0x00000000   Number         0  boot.o ABSOLUTE
    ..\uart_opt\uart_x.c                     0x00000000   Number         0  uart_x.o ABSOLUTE
    dc.s                                     0x00000000   Number         0  dc.o ABSOLUTE
    handlers.s                               0x00000000   Number         0  handlers.o ABSOLUTE
    init.s                                   0x00000000   Number         0  init.o ABSOLUTE
    startup_stm32h723xx.s                    0x00000000   Number         0  startup_stm32h723xx.o ABSOLUTE
    RESET                                    0x08000000   Section      716  startup_stm32h723xx.o(RESET)
    .ARM.Collect$$$$00000000                 0x080002cc   Section        0  entry.o(.ARM.Collect$$$$00000000)
    .ARM.Collect$$$$00000001                 0x080002cc   Section        4  entry2.o(.ARM.Collect$$$$00000001)
    .ARM.Collect$$$$00000004                 0x080002d0   Section        4  entry5.o(.ARM.Collect$$$$00000004)
    .ARM.Collect$$$$00000008                 0x080002d4   Section        0  entry7b.o(.ARM.Collect$$$$00000008)
    .ARM.Collect$$$$0000000A                 0x080002d4   Section        0  entry8b.o(.ARM.Collect$$$$0000000A)
    .ARM.Collect$$$$0000000B                 0x080002d4   Section        8  entry9a.o(.ARM.Collect$$$$0000000B)
    .ARM.Collect$$$$0000000E                 0x080002dc   Section        4  entry12b.o(.ARM.Collect$$$$0000000E)
    .ARM.Collect$$$$0000000F                 0x080002e0   Section        0  entry10a.o(.ARM.Collect$$$$0000000F)
    .ARM.Collect$$$$00000011                 0x080002e0   Section        0  entry11a.o(.ARM.Collect$$$$00000011)
    .ARM.Collect$$$$00002712                 0x080002e0   Section        4  entry2.o(.ARM.Collect$$$$00002712)
    __lit__00000000                          0x080002e0   Data           4  entry2.o(.ARM.Collect$$$$00002712)
    .text                                    0x080002e4   Section       44  startup_stm32h723xx.o(.text)
    $v0                                      0x080002e4   Number         0  startup_stm32h723xx.o(.text)
    .text                                    0x08000310   Section        0  uldiv.o(.text)
    .text                                    0x08000372   Section        0  memcpya.o(.text)
    .text                                    0x08000396   Section        0  memseta.o(.text)
    .text                                    0x080003ba   Section        0  llshl.o(.text)
    .text                                    0x080003d8   Section        0  llushr.o(.text)
    .text                                    0x080003f8   Section       36  init.o(.text)
    .text                                    0x0800041c   Section        0  __dczerorl2.o(.text)
    i.BusFault_Handler                       0x08000472   Section        0  stm32h7xx_it.o(i.BusFault_Handler)
    i.Crc16Ccitt                             0x08000478   Section        0  boot.o(i.Crc16Ccitt)
    i.DMA1_Stream0_IRQHandler                0x080004a4   Section        0  stm32h7xx_it.o(i.DMA1_Stream0_IRQHandler)
    i.DMA1_Stream1_IRQHandler                0x080004b4   Section        0  stm32h7xx_it.o(i.DMA1_Stream1_IRQHandler)
    i.DMA_CalcBaseAndBitshift                0x080004c4   Section        0  stm32h7xx_hal_dma.o(i.DMA_CalcBaseAndBitshift)
    DMA_CalcBaseAndBitshift                  0x080004c5   Thumb Code   224  stm32h7xx_hal_dma.o(i.DMA_CalcBaseAndBitshift)
    i.DMA_CalcDMAMUXChannelBaseAndMask       0x080005b0   Section        0  stm32h7xx_hal_dma.o(i.DMA_CalcDMAMUXChannelBaseAndMask)
    DMA_CalcDMAMUXChannelBaseAndMask         0x080005b1   Thumb Code   178  stm32h7xx_hal_dma.o(i.DMA_CalcDMAMUXChannelBaseAndMask)
    i.DMA_CalcDMAMUXRequestGenBaseAndMask    0x08000674   Section        0  stm32h7xx_hal_dma.o(i.DMA_CalcDMAMUXRequestGenBaseAndMask)
    DMA_CalcDMAMUXRequestGenBaseAndMask      0x08000675   Thumb Code   140  stm32h7xx_hal_dma.o(i.DMA_CalcDMAMUXRequestGenBaseAndMask)
    i.DMA_CheckFifoParam                     0x0800070c   Section        0  stm32h7xx_hal_dma.o(i.DMA_CheckFifoParam)
    DMA_CheckFifoParam                       0x0800070d   Thumb Code   174  stm32h7xx_hal_dma.o(i.DMA_CheckFifoParam)
    i.DebugMon_Handler                       0x080007ba   Section        0  stm32h7xx_it.o(i.DebugMon_Handler)
    i.Error_Handler                          0x080007bc   Section        0  main.o(i.Error_Handler)
    i.ExitRun0Mode                           0x080007c4   Section        0  system_stm32h7xx.o(i.ExitRun0Mode)
    i.FLASH_Erase_Sector                     0x080007e8   Section        0  stm32h7xx_hal_flash_ex.o(i.FLASH_Erase_Sector)
    i.FLASH_MassErase                        0x08000818   Section        0  stm32h7xx_hal_flash_ex.o(i.FLASH_MassErase)
    FLASH_MassErase                          0x08000819   Thumb Code    38  stm32h7xx_hal_flash_ex.o(i.FLASH_MassErase)
    i.FLASH_WaitForLastOperation             0x08000844   Section        0  stm32h7xx_hal_flash.o(i.FLASH_WaitForLastOperation)
    i.GetSector                              0x080008c8   Section        0  boot.o(i.GetSector)
    i.H7flash_write                          0x080008d4   Section        0  boot.o(i.H7flash_write)
    i.HAL_DMA_Abort                          0x080009d8   Section        0  stm32h7xx_hal_dma.o(i.HAL_DMA_Abort)
    i.HAL_DMA_Abort_IT                       0x08000eb4   Section        0  stm32h7xx_hal_dma.o(i.HAL_DMA_Abort_IT)
    i.HAL_DMA_IRQHandler                     0x0800124c   Section        0  stm32h7xx_hal_dma.o(i.HAL_DMA_IRQHandler)
    i.HAL_DMA_Init                           0x08001d44   Section        0  stm32h7xx_hal_dma.o(i.HAL_DMA_Init)
    i.HAL_DeInit                             0x08002258   Section        0  stm32h7xx_hal.o(i.HAL_DeInit)
    i.HAL_Delay                              0x080022e0   Section        0  stm32h7xx_hal.o(i.HAL_Delay)
    i.HAL_FLASHEx_Erase                      0x08002308   Section        0  stm32h7xx_hal_flash_ex.o(i.HAL_FLASHEx_Erase)
    i.HAL_FLASH_Lock                         0x080023dc   Section        0  stm32h7xx_hal_flash.o(i.HAL_FLASH_Lock)
    i.HAL_FLASH_Program                      0x08002400   Section        0  stm32h7xx_hal_flash.o(i.HAL_FLASH_Program)
    i.HAL_FLASH_Unlock                       0x080024ec   Section        0  stm32h7xx_hal_flash.o(i.HAL_FLASH_Unlock)
    i.HAL_GPIO_Init                          0x08002520   Section        0  stm32h7xx_hal_gpio.o(i.HAL_GPIO_Init)
    i.HAL_GetTick                            0x08002710   Section        0  stm32h7xx_hal.o(i.HAL_GetTick)
    i.HAL_IncTick                            0x0800271c   Section        0  stm32h7xx_hal.o(i.HAL_IncTick)
    i.HAL_Init                               0x08002734   Section        0  stm32h7xx_hal.o(i.HAL_Init)
    i.HAL_InitTick                           0x08002794   Section        0  stm32h7xx_hal.o(i.HAL_InitTick)
    i.HAL_MPU_Disable                        0x080027ec   Section        0  stm32h7xx_hal_cortex.o(i.HAL_MPU_Disable)
    i.HAL_MspDeInit                          0x08002818   Section        0  stm32h7xx_hal.o(i.HAL_MspDeInit)
    i.HAL_MspInit                            0x0800281c   Section        0  stm32h7xx_hal_msp.o(i.HAL_MspInit)
    i.HAL_NVIC_EnableIRQ                     0x08002840   Section        0  stm32h7xx_hal_cortex.o(i.HAL_NVIC_EnableIRQ)
    i.HAL_NVIC_SetPriority                   0x08002868   Section        0  stm32h7xx_hal_cortex.o(i.HAL_NVIC_SetPriority)
    i.HAL_NVIC_SetPriorityGrouping           0x080028e4   Section        0  stm32h7xx_hal_cortex.o(i.HAL_NVIC_SetPriorityGrouping)
    i.HAL_PWREx_ConfigSupply                 0x0800290c   Section        0  stm32h7xx_hal_pwr_ex.o(i.HAL_PWREx_ConfigSupply)
    i.HAL_RCCEx_GetD3PCLK1Freq               0x0800296c   Section        0  stm32h7xx_hal_rcc_ex.o(i.HAL_RCCEx_GetD3PCLK1Freq)
    i.HAL_RCCEx_GetPLL2ClockFreq             0x08002990   Section        0  stm32h7xx_hal_rcc_ex.o(i.HAL_RCCEx_GetPLL2ClockFreq)
    i.HAL_RCCEx_GetPLL3ClockFreq             0x08002bc0   Section        0  stm32h7xx_hal_rcc_ex.o(i.HAL_RCCEx_GetPLL3ClockFreq)
    i.HAL_RCCEx_PeriphCLKConfig              0x08002df0   Section        0  stm32h7xx_hal_rcc_ex.o(i.HAL_RCCEx_PeriphCLKConfig)
    i.HAL_RCC_ClockConfig                    0x08003ab8   Section        0  stm32h7xx_hal_rcc.o(i.HAL_RCC_ClockConfig)
    i.HAL_RCC_DeInit                         0x08003dd8   Section        0  stm32h7xx_hal_rcc.o(i.HAL_RCC_DeInit)
    i.HAL_RCC_GetHCLKFreq                    0x08004004   Section        0  stm32h7xx_hal_rcc.o(i.HAL_RCC_GetHCLKFreq)
    i.HAL_RCC_GetPCLK1Freq                   0x08004050   Section        0  stm32h7xx_hal_rcc.o(i.HAL_RCC_GetPCLK1Freq)
    i.HAL_RCC_GetPCLK2Freq                   0x08004074   Section        0  stm32h7xx_hal_rcc.o(i.HAL_RCC_GetPCLK2Freq)
    i.HAL_RCC_GetSysClockFreq                0x08004098   Section        0  stm32h7xx_hal_rcc.o(i.HAL_RCC_GetSysClockFreq)
    i.HAL_RCC_OscConfig                      0x080042c4   Section        0  stm32h7xx_hal_rcc.o(i.HAL_RCC_OscConfig)
    i.HAL_SYSTICK_Config                     0x08004a20   Section        0  stm32h7xx_hal_cortex.o(i.HAL_SYSTICK_Config)
    i.HAL_TIMEx_MasterConfigSynchronization  0x08004a54   Section        0  stm32h7xx_hal_tim_ex.o(i.HAL_TIMEx_MasterConfigSynchronization)
    i.HAL_TIM_Base_Init                      0x08004b38   Section        0  stm32h7xx_hal_tim.o(i.HAL_TIM_Base_Init)
    i.HAL_TIM_Base_MspInit                   0x08004ba8   Section        0  tim.o(i.HAL_TIM_Base_MspInit)
    i.HAL_TIM_Base_Start                     0x08004bd4   Section        0  stm32h7xx_hal_tim.o(i.HAL_TIM_Base_Start)
    i.HAL_TIM_ConfigClockSource              0x08004c94   Section        0  stm32h7xx_hal_tim.o(i.HAL_TIM_ConfigClockSource)
    i.HAL_UARTEx_DisableFifoMode             0x08004dc8   Section        0  stm32h7xx_hal_uart_ex.o(i.HAL_UARTEx_DisableFifoMode)
    i.HAL_UARTEx_RxEventCallback             0x08004e16   Section        0  stm32h7xx_hal_uart.o(i.HAL_UARTEx_RxEventCallback)
    i.HAL_UARTEx_RxFifoFullCallback          0x08004e18   Section        0  stm32h7xx_hal_uart_ex.o(i.HAL_UARTEx_RxFifoFullCallback)
    i.HAL_UARTEx_SetRxFifoThreshold          0x08004e1a   Section        0  stm32h7xx_hal_uart_ex.o(i.HAL_UARTEx_SetRxFifoThreshold)
    i.HAL_UARTEx_SetTxFifoThreshold          0x08004e78   Section        0  stm32h7xx_hal_uart_ex.o(i.HAL_UARTEx_SetTxFifoThreshold)
    i.HAL_UARTEx_TxFifoEmptyCallback         0x08004ed6   Section        0  stm32h7xx_hal_uart_ex.o(i.HAL_UARTEx_TxFifoEmptyCallback)
    i.HAL_UARTEx_WakeupCallback              0x08004ed8   Section        0  stm32h7xx_hal_uart_ex.o(i.HAL_UARTEx_WakeupCallback)
    i.HAL_UART_ErrorCallback                 0x08004eda   Section        0  stm32h7xx_hal_uart.o(i.HAL_UART_ErrorCallback)
    i.HAL_UART_IRQHandler                    0x08004edc   Section        0  stm32h7xx_hal_uart.o(i.HAL_UART_IRQHandler)
    i.HAL_UART_Init                          0x08005392   Section        0  stm32h7xx_hal_uart.o(i.HAL_UART_Init)
    i.HAL_UART_MspInit                       0x0800540c   Section        0  usart.o(i.HAL_UART_MspInit)
    i.HAL_UART_TxCpltCallback                0x0800553c   Section        0  stm32h7xx_hal_uart.o(i.HAL_UART_TxCpltCallback)
    i.HardFault_Handler                      0x0800553e   Section        0  stm32h7xx_it.o(i.HardFault_Handler)
    i.MPU_Config                             0x08005542   Section        0  main.o(i.MPU_Config)
    MPU_Config                               0x08005543   Thumb Code    18  main.o(i.MPU_Config)
    i.MX_DMA_Init                            0x08005554   Section        0  dma.o(i.MX_DMA_Init)
    i.MX_GPIO_Init                           0x08005598   Section        0  gpio.o(i.MX_GPIO_Init)
    i.MX_TIM2_Init                           0x080055d8   Section        0  tim.o(i.MX_TIM2_Init)
    i.MX_USART1_UART_Init                    0x08005644   Section        0  usart.o(i.MX_USART1_UART_Init)
    i.MemManage_Handler                      0x080056b4   Section        0  stm32h7xx_it.o(i.MemManage_Handler)
    i.NMI_Handler                            0x080056b8   Section        0  stm32h7xx_it.o(i.NMI_Handler)
    i.PendSV_Handler                         0x080056bc   Section        0  stm32h7xx_it.o(i.PendSV_Handler)
    i.RCCEx_PLL2_Config                      0x080056c0   Section        0  stm32h7xx_hal_rcc_ex.o(i.RCCEx_PLL2_Config)
    RCCEx_PLL2_Config                        0x080056c1   Thumb Code   350  stm32h7xx_hal_rcc_ex.o(i.RCCEx_PLL2_Config)
    i.RCCEx_PLL3_Config                      0x08005824   Section        0  stm32h7xx_hal_rcc_ex.o(i.RCCEx_PLL3_Config)
    RCCEx_PLL3_Config                        0x08005825   Thumb Code   350  stm32h7xx_hal_rcc_ex.o(i.RCCEx_PLL3_Config)
    i.STMFLASH_ReadWord                      0x08005988   Section        0  boot.o(i.STMFLASH_ReadWord)
    i.SVC_Handler                            0x0800598e   Section        0  stm32h7xx_it.o(i.SVC_Handler)
    i.SysTick_Handler                        0x08005990   Section        0  stm32h7xx_it.o(i.SysTick_Handler)
    i.SystemClock_Config                     0x08005998   Section        0  main.o(i.SystemClock_Config)
    i.SystemInit                             0x08005a58   Section        0  system_stm32h7xx.o(i.SystemInit)
    i.TIM_Base_SetConfig                     0x08005b64   Section        0  stm32h7xx_hal_tim.o(i.TIM_Base_SetConfig)
    i.TIM_ETR_SetConfig                      0x08005c4c   Section        0  stm32h7xx_hal_tim.o(i.TIM_ETR_SetConfig)
    i.TIM_ITRx_SetConfig                     0x08005c64   Section        0  stm32h7xx_hal_tim.o(i.TIM_ITRx_SetConfig)
    TIM_ITRx_SetConfig                       0x08005c65   Thumb Code    18  stm32h7xx_hal_tim.o(i.TIM_ITRx_SetConfig)
    i.TIM_TI1_ConfigInputStage               0x08005c7c   Section        0  stm32h7xx_hal_tim.o(i.TIM_TI1_ConfigInputStage)
    TIM_TI1_ConfigInputStage                 0x08005c7d   Thumb Code    38  stm32h7xx_hal_tim.o(i.TIM_TI1_ConfigInputStage)
    i.TIM_TI2_ConfigInputStage               0x08005ca2   Section        0  stm32h7xx_hal_tim.o(i.TIM_TI2_ConfigInputStage)
    TIM_TI2_ConfigInputStage                 0x08005ca3   Thumb Code    40  stm32h7xx_hal_tim.o(i.TIM_TI2_ConfigInputStage)
    i.UARTEx_SetNbDataToProcess              0x08005ccc   Section        0  stm32h7xx_hal_uart_ex.o(i.UARTEx_SetNbDataToProcess)
    UARTEx_SetNbDataToProcess                0x08005ccd   Thumb Code    78  stm32h7xx_hal_uart_ex.o(i.UARTEx_SetNbDataToProcess)
    i.UART_AdvFeatureConfig                  0x08005d24   Section        0  stm32h7xx_hal_uart.o(i.UART_AdvFeatureConfig)
    i.UART_CheckIdleState                    0x08005e1c   Section        0  stm32h7xx_hal_uart.o(i.UART_CheckIdleState)
    i.UART_DMAAbortOnError                   0x08005f06   Section        0  stm32h7xx_hal_uart.o(i.UART_DMAAbortOnError)
    UART_DMAAbortOnError                     0x08005f07   Thumb Code    20  stm32h7xx_hal_uart.o(i.UART_DMAAbortOnError)
    i.UART_EndRxTransfer                     0x08005f1c   Section        0  stm32h7xx_hal_uart.o(i.UART_EndRxTransfer)
    UART_EndRxTransfer                       0x08005f1d   Thumb Code   104  stm32h7xx_hal_uart.o(i.UART_EndRxTransfer)
    i.UART_EndTransmit_IT                    0x08005f88   Section        0  stm32h7xx_hal_uart.o(i.UART_EndTransmit_IT)
    UART_EndTransmit_IT                      0x08005f89   Thumb Code    48  stm32h7xx_hal_uart.o(i.UART_EndTransmit_IT)
    i.UART_SetConfig                         0x08005fb8   Section        0  stm32h7xx_hal_uart.o(i.UART_SetConfig)
    i.UART_WaitOnFlagUntilTimeout            0x080065e0   Section        0  stm32h7xx_hal_uart.o(i.UART_WaitOnFlagUntilTimeout)
    i.USART1_IRQHandler                      0x0800668c   Section        0  stm32h7xx_it.o(i.USART1_IRQHandler)
    i.UsageFault_Handler                     0x0800669c   Section        0  stm32h7xx_it.o(i.UsageFault_Handler)
    i.__NVIC_GetPriorityGrouping             0x080066a0   Section        0  stm32h7xx_hal_cortex.o(i.__NVIC_GetPriorityGrouping)
    __NVIC_GetPriorityGrouping               0x080066a1   Thumb Code    10  stm32h7xx_hal_cortex.o(i.__NVIC_GetPriorityGrouping)
    i.__NVIC_SetPriority                     0x080066b0   Section        0  stm32h7xx_hal_cortex.o(i.__NVIC_SetPriority)
    __NVIC_SetPriority                       0x080066b1   Thumb Code    32  stm32h7xx_hal_cortex.o(i.__NVIC_SetPriority)
    i.__scatterload_copy                     0x080066d8   Section       14  handlers.o(i.__scatterload_copy)
    i.__scatterload_null                     0x080066e6   Section        2  handlers.o(i.__scatterload_null)
    i.__scatterload_zeroinit                 0x080066e8   Section       14  handlers.o(i.__scatterload_zeroinit)
    i.deal_recv                              0x080066f8   Section        0  boot.o(i.deal_recv)
    i.iap_load_app                           0x08006954   Section        0  boot.o(i.iap_load_app)
    i.initUartDma                            0x08006974   Section        0  uart_x.o(i.initUartDma)
    i.main                                   0x08006ee4   Section        0  main.o(i.main)
    i.send_to_pc                             0x08006f90   Section        0  boot.o(i.send_to_pc)
    i.uart_dma__run                          0x08006fcc   Section        0  uart_x.o(i.uart_dma__run)
    .constdata                               0x08007d54   Section        8  stm32h7xx_hal_dma.o(.constdata)
    flagBitshiftOffset                       0x08007d54   Data           8  stm32h7xx_hal_dma.o(.constdata)
    .constdata                               0x08007d5c   Section       24  stm32h7xx_hal_uart.o(.constdata)
    .constdata                               0x08007d74   Section       16  stm32h7xx_hal_uart_ex.o(.constdata)
    numerator                                0x08007d74   Data           8  stm32h7xx_hal_uart_ex.o(.constdata)
    denominator                              0x08007d7c   Data           8  stm32h7xx_hal_uart_ex.o(.constdata)
    .constdata                               0x08007d84   Section       16  system_stm32h7xx.o(.constdata)
    .constdata                               0x08007d94   Section      524  boot.o(.constdata)
    STACK                                    0x20000000   Section     5120  startup_stm32h723xx.o(STACK)
    .data                                    0x24000000   Section       12  main.o(.data)
    .data                                    0x2400000c   Section        9  stm32h7xx_hal.o(.data)
    .data                                    0x24000018   Section        8  system_stm32h7xx.o(.data)
    .data                                    0x24000020   Section       28  boot.o(.data)
    .bss                                     0x2400003c   Section       76  tim.o(.bss)
    .bss                                     0x24000088   Section      388  usart.o(.bss)
    .bss                                     0x2400020c   Section       28  stm32h7xx_hal_flash.o(.bss)
    .bss                                     0x24000228   Section       28  boot.o(.bss)
    .RAM_D1                                  0x24020000   Section    10291  uart_x.o(.RAM_D1)

    Global Symbols

    Symbol Name                              Value     Ov Type        Size  Object(Section)

    BuildAttributes$$THM_ISAv4$E$P$D$K$B$S$7EM$VFPv5_D16$PE$PLD8$A:L22UL41UL21$X:L11$S22US41US21$IEEE1$IW$USESV6$~STKCKD$USESV7$~SHL$OSPACE$EBA8$MICROLIB$REQ8$PRES8$EABIv2 0x00000000   Number         0  anon$$obj.o ABSOLUTE
    __ARM_use_no_argv                        0x00000000   Number         0  main.o ABSOLUTE
    __arm_fini_                               - Undefined Weak Reference
    __cpp_initialize__aeabi_                  - Undefined Weak Reference
    __cxa_finalize                            - Undefined Weak Reference
    _clock_init                               - Undefined Weak Reference
    _microlib_exit                            - Undefined Weak Reference
    __Vectors_Size                           0x000002cc   Number         0  startup_stm32h723xx.o ABSOLUTE
    __Vectors                                0x08000000   Data           4  startup_stm32h723xx.o(RESET)
    __Vectors_End                            0x080002cc   Data           0  startup_stm32h723xx.o(RESET)
    __main                                   0x080002cd   Thumb Code     0  entry.o(.ARM.Collect$$$$00000000)
    _main_stk                                0x080002cd   Thumb Code     0  entry2.o(.ARM.Collect$$$$00000001)
    _main_scatterload                        0x080002d1   Thumb Code     0  entry5.o(.ARM.Collect$$$$00000004)
    __main_after_scatterload                 0x080002d5   Thumb Code     0  entry5.o(.ARM.Collect$$$$00000004)
    _main_clock                              0x080002d5   Thumb Code     0  entry7b.o(.ARM.Collect$$$$00000008)
    _main_cpp_init                           0x080002d5   Thumb Code     0  entry8b.o(.ARM.Collect$$$$0000000A)
    _main_init                               0x080002d5   Thumb Code     0  entry9a.o(.ARM.Collect$$$$0000000B)
    __rt_lib_shutdown_fini                   0x080002dd   Thumb Code     0  entry12b.o(.ARM.Collect$$$$0000000E)
    __rt_final_cpp                           0x080002e1   Thumb Code     0  entry10a.o(.ARM.Collect$$$$0000000F)
    __rt_final_exit                          0x080002e1   Thumb Code     0  entry11a.o(.ARM.Collect$$$$00000011)
    Reset_Handler                            0x080002e5   Thumb Code    12  startup_stm32h723xx.o(.text)
    ADC3_IRQHandler                          0x08000303   Thumb Code     0  startup_stm32h723xx.o(.text)
    ADC_IRQHandler                           0x08000303   Thumb Code     0  startup_stm32h723xx.o(.text)
    BDMA_Channel0_IRQHandler                 0x08000303   Thumb Code     0  startup_stm32h723xx.o(.text)
    BDMA_Channel1_IRQHandler                 0x08000303   Thumb Code     0  startup_stm32h723xx.o(.text)
    BDMA_Channel2_IRQHandler                 0x08000303   Thumb Code     0  startup_stm32h723xx.o(.text)
    BDMA_Channel3_IRQHandler                 0x08000303   Thumb Code     0  startup_stm32h723xx.o(.text)
    BDMA_Channel4_IRQHandler                 0x08000303   Thumb Code     0  startup_stm32h723xx.o(.text)
    BDMA_Channel5_IRQHandler                 0x08000303   Thumb Code     0  startup_stm32h723xx.o(.text)
    BDMA_Channel6_IRQHandler                 0x08000303   Thumb Code     0  startup_stm32h723xx.o(.text)
    BDMA_Channel7_IRQHandler                 0x08000303   Thumb Code     0  startup_stm32h723xx.o(.text)
    CEC_IRQHandler                           0x08000303   Thumb Code     0  startup_stm32h723xx.o(.text)
    COMP1_IRQHandler                         0x08000303   Thumb Code     0  startup_stm32h723xx.o(.text)
    CORDIC_IRQHandler                        0x08000303   Thumb Code     0  startup_stm32h723xx.o(.text)
    CRS_IRQHandler                           0x08000303   Thumb Code     0  startup_stm32h723xx.o(.text)
    DCMI_PSSI_IRQHandler                     0x08000303   Thumb Code     0  startup_stm32h723xx.o(.text)
    DFSDM1_FLT0_IRQHandler                   0x08000303   Thumb Code     0  startup_stm32h723xx.o(.text)
    DFSDM1_FLT1_IRQHandler                   0x08000303   Thumb Code     0  startup_stm32h723xx.o(.text)
    DFSDM1_FLT2_IRQHandler                   0x08000303   Thumb Code     0  startup_stm32h723xx.o(.text)
    DFSDM1_FLT3_IRQHandler                   0x08000303   Thumb Code     0  startup_stm32h723xx.o(.text)
    DMA1_Stream2_IRQHandler                  0x08000303   Thumb Code     0  startup_stm32h723xx.o(.text)
    DMA1_Stream3_IRQHandler                  0x08000303   Thumb Code     0  startup_stm32h723xx.o(.text)
    DMA1_Stream4_IRQHandler                  0x08000303   Thumb Code     0  startup_stm32h723xx.o(.text)
    DMA1_Stream5_IRQHandler                  0x08000303   Thumb Code     0  startup_stm32h723xx.o(.text)
    DMA1_Stream6_IRQHandler                  0x08000303   Thumb Code     0  startup_stm32h723xx.o(.text)
    DMA1_Stream7_IRQHandler                  0x08000303   Thumb Code     0  startup_stm32h723xx.o(.text)
    DMA2D_IRQHandler                         0x08000303   Thumb Code     0  startup_stm32h723xx.o(.text)
    DMA2_Stream0_IRQHandler                  0x08000303   Thumb Code     0  startup_stm32h723xx.o(.text)
    DMA2_Stream1_IRQHandler                  0x08000303   Thumb Code     0  startup_stm32h723xx.o(.text)
    DMA2_Stream2_IRQHandler                  0x08000303   Thumb Code     0  startup_stm32h723xx.o(.text)
    DMA2_Stream3_IRQHandler                  0x08000303   Thumb Code     0  startup_stm32h723xx.o(.text)
    DMA2_Stream4_IRQHandler                  0x08000303   Thumb Code     0  startup_stm32h723xx.o(.text)
    DMA2_Stream5_IRQHandler                  0x08000303   Thumb Code     0  startup_stm32h723xx.o(.text)
    DMA2_Stream6_IRQHandler                  0x08000303   Thumb Code     0  startup_stm32h723xx.o(.text)
    DMA2_Stream7_IRQHandler                  0x08000303   Thumb Code     0  startup_stm32h723xx.o(.text)
    DMAMUX1_OVR_IRQHandler                   0x08000303   Thumb Code     0  startup_stm32h723xx.o(.text)
    DMAMUX2_OVR_IRQHandler                   0x08000303   Thumb Code     0  startup_stm32h723xx.o(.text)
    DTS_IRQHandler                           0x08000303   Thumb Code     0  startup_stm32h723xx.o(.text)
    ECC_IRQHandler                           0x08000303   Thumb Code     0  startup_stm32h723xx.o(.text)
    ETH_IRQHandler                           0x08000303   Thumb Code     0  startup_stm32h723xx.o(.text)
    ETH_WKUP_IRQHandler                      0x08000303   Thumb Code     0  startup_stm32h723xx.o(.text)
    EXTI0_IRQHandler                         0x08000303   Thumb Code     0  startup_stm32h723xx.o(.text)
    EXTI15_10_IRQHandler                     0x08000303   Thumb Code     0  startup_stm32h723xx.o(.text)
    EXTI1_IRQHandler                         0x08000303   Thumb Code     0  startup_stm32h723xx.o(.text)
    EXTI2_IRQHandler                         0x08000303   Thumb Code     0  startup_stm32h723xx.o(.text)
    EXTI3_IRQHandler                         0x08000303   Thumb Code     0  startup_stm32h723xx.o(.text)
    EXTI4_IRQHandler                         0x08000303   Thumb Code     0  startup_stm32h723xx.o(.text)
    EXTI9_5_IRQHandler                       0x08000303   Thumb Code     0  startup_stm32h723xx.o(.text)
    FDCAN1_IT0_IRQHandler                    0x08000303   Thumb Code     0  startup_stm32h723xx.o(.text)
    FDCAN1_IT1_IRQHandler                    0x08000303   Thumb Code     0  startup_stm32h723xx.o(.text)
    FDCAN2_IT0_IRQHandler                    0x08000303   Thumb Code     0  startup_stm32h723xx.o(.text)
    FDCAN2_IT1_IRQHandler                    0x08000303   Thumb Code     0  startup_stm32h723xx.o(.text)
    FDCAN3_IT0_IRQHandler                    0x08000303   Thumb Code     0  startup_stm32h723xx.o(.text)
    FDCAN3_IT1_IRQHandler                    0x08000303   Thumb Code     0  startup_stm32h723xx.o(.text)
    FDCAN_CAL_IRQHandler                     0x08000303   Thumb Code     0  startup_stm32h723xx.o(.text)
    FLASH_IRQHandler                         0x08000303   Thumb Code     0  startup_stm32h723xx.o(.text)
    FMAC_IRQHandler                          0x08000303   Thumb Code     0  startup_stm32h723xx.o(.text)
    FMC_IRQHandler                           0x08000303   Thumb Code     0  startup_stm32h723xx.o(.text)
    FPU_IRQHandler                           0x08000303   Thumb Code     0  startup_stm32h723xx.o(.text)
    HSEM1_IRQHandler                         0x08000303   Thumb Code     0  startup_stm32h723xx.o(.text)
    I2C1_ER_IRQHandler                       0x08000303   Thumb Code     0  startup_stm32h723xx.o(.text)
    I2C1_EV_IRQHandler                       0x08000303   Thumb Code     0  startup_stm32h723xx.o(.text)
    I2C2_ER_IRQHandler                       0x08000303   Thumb Code     0  startup_stm32h723xx.o(.text)
    I2C2_EV_IRQHandler                       0x08000303   Thumb Code     0  startup_stm32h723xx.o(.text)
    I2C3_ER_IRQHandler                       0x08000303   Thumb Code     0  startup_stm32h723xx.o(.text)
    I2C3_EV_IRQHandler                       0x08000303   Thumb Code     0  startup_stm32h723xx.o(.text)
    I2C4_ER_IRQHandler                       0x08000303   Thumb Code     0  startup_stm32h723xx.o(.text)
    I2C4_EV_IRQHandler                       0x08000303   Thumb Code     0  startup_stm32h723xx.o(.text)
    I2C5_ER_IRQHandler                       0x08000303   Thumb Code     0  startup_stm32h723xx.o(.text)
    I2C5_EV_IRQHandler                       0x08000303   Thumb Code     0  startup_stm32h723xx.o(.text)
    LPTIM1_IRQHandler                        0x08000303   Thumb Code     0  startup_stm32h723xx.o(.text)
    LPTIM2_IRQHandler                        0x08000303   Thumb Code     0  startup_stm32h723xx.o(.text)
    LPTIM3_IRQHandler                        0x08000303   Thumb Code     0  startup_stm32h723xx.o(.text)
    LPTIM4_IRQHandler                        0x08000303   Thumb Code     0  startup_stm32h723xx.o(.text)
    LPTIM5_IRQHandler                        0x08000303   Thumb Code     0  startup_stm32h723xx.o(.text)
    LPUART1_IRQHandler                       0x08000303   Thumb Code     0  startup_stm32h723xx.o(.text)
    LTDC_ER_IRQHandler                       0x08000303   Thumb Code     0  startup_stm32h723xx.o(.text)
    LTDC_IRQHandler                          0x08000303   Thumb Code     0  startup_stm32h723xx.o(.text)
    MDIOS_IRQHandler                         0x08000303   Thumb Code     0  startup_stm32h723xx.o(.text)
    MDIOS_WKUP_IRQHandler                    0x08000303   Thumb Code     0  startup_stm32h723xx.o(.text)
    MDMA_IRQHandler                          0x08000303   Thumb Code     0  startup_stm32h723xx.o(.text)
    OCTOSPI1_IRQHandler                      0x08000303   Thumb Code     0  startup_stm32h723xx.o(.text)
    OCTOSPI2_IRQHandler                      0x08000303   Thumb Code     0  startup_stm32h723xx.o(.text)
    OTG_HS_EP1_IN_IRQHandler                 0x08000303   Thumb Code     0  startup_stm32h723xx.o(.text)
    OTG_HS_EP1_OUT_IRQHandler                0x08000303   Thumb Code     0  startup_stm32h723xx.o(.text)
    OTG_HS_IRQHandler                        0x08000303   Thumb Code     0  startup_stm32h723xx.o(.text)
    OTG_HS_WKUP_IRQHandler                   0x08000303   Thumb Code     0  startup_stm32h723xx.o(.text)
    PVD_AVD_IRQHandler                       0x08000303   Thumb Code     0  startup_stm32h723xx.o(.text)
    RCC_IRQHandler                           0x08000303   Thumb Code     0  startup_stm32h723xx.o(.text)
    RNG_IRQHandler                           0x08000303   Thumb Code     0  startup_stm32h723xx.o(.text)
    RTC_Alarm_IRQHandler                     0x08000303   Thumb Code     0  startup_stm32h723xx.o(.text)
    RTC_WKUP_IRQHandler                      0x08000303   Thumb Code     0  startup_stm32h723xx.o(.text)
    SAI1_IRQHandler                          0x08000303   Thumb Code     0  startup_stm32h723xx.o(.text)
    SAI4_IRQHandler                          0x08000303   Thumb Code     0  startup_stm32h723xx.o(.text)
    SDMMC1_IRQHandler                        0x08000303   Thumb Code     0  startup_stm32h723xx.o(.text)
    SDMMC2_IRQHandler                        0x08000303   Thumb Code     0  startup_stm32h723xx.o(.text)
    SPDIF_RX_IRQHandler                      0x08000303   Thumb Code     0  startup_stm32h723xx.o(.text)
    SPI1_IRQHandler                          0x08000303   Thumb Code     0  startup_stm32h723xx.o(.text)
    SPI2_IRQHandler                          0x08000303   Thumb Code     0  startup_stm32h723xx.o(.text)
    SPI3_IRQHandler                          0x08000303   Thumb Code     0  startup_stm32h723xx.o(.text)
    SPI4_IRQHandler                          0x08000303   Thumb Code     0  startup_stm32h723xx.o(.text)
    SPI5_IRQHandler                          0x08000303   Thumb Code     0  startup_stm32h723xx.o(.text)
    SPI6_IRQHandler                          0x08000303   Thumb Code     0  startup_stm32h723xx.o(.text)
    SWPMI1_IRQHandler                        0x08000303   Thumb Code     0  startup_stm32h723xx.o(.text)
    TAMP_STAMP_IRQHandler                    0x08000303   Thumb Code     0  startup_stm32h723xx.o(.text)
    TIM15_IRQHandler                         0x08000303   Thumb Code     0  startup_stm32h723xx.o(.text)
    TIM16_IRQHandler                         0x08000303   Thumb Code     0  startup_stm32h723xx.o(.text)
    TIM17_IRQHandler                         0x08000303   Thumb Code     0  startup_stm32h723xx.o(.text)
    TIM1_BRK_IRQHandler                      0x08000303   Thumb Code     0  startup_stm32h723xx.o(.text)
    TIM1_CC_IRQHandler                       0x08000303   Thumb Code     0  startup_stm32h723xx.o(.text)
    TIM1_TRG_COM_IRQHandler                  0x08000303   Thumb Code     0  startup_stm32h723xx.o(.text)
    TIM1_UP_IRQHandler                       0x08000303   Thumb Code     0  startup_stm32h723xx.o(.text)
    TIM23_IRQHandler                         0x08000303   Thumb Code     0  startup_stm32h723xx.o(.text)
    TIM24_IRQHandler                         0x08000303   Thumb Code     0  startup_stm32h723xx.o(.text)
    TIM2_IRQHandler                          0x08000303   Thumb Code     0  startup_stm32h723xx.o(.text)
    TIM3_IRQHandler                          0x08000303   Thumb Code     0  startup_stm32h723xx.o(.text)
    TIM4_IRQHandler                          0x08000303   Thumb Code     0  startup_stm32h723xx.o(.text)
    TIM5_IRQHandler                          0x08000303   Thumb Code     0  startup_stm32h723xx.o(.text)
    TIM6_DAC_IRQHandler                      0x08000303   Thumb Code     0  startup_stm32h723xx.o(.text)
    TIM7_IRQHandler                          0x08000303   Thumb Code     0  startup_stm32h723xx.o(.text)
    TIM8_BRK_TIM12_IRQHandler                0x08000303   Thumb Code     0  startup_stm32h723xx.o(.text)
    TIM8_CC_IRQHandler                       0x08000303   Thumb Code     0  startup_stm32h723xx.o(.text)
    TIM8_TRG_COM_TIM14_IRQHandler            0x08000303   Thumb Code     0  startup_stm32h723xx.o(.text)
    TIM8_UP_TIM13_IRQHandler                 0x08000303   Thumb Code     0  startup_stm32h723xx.o(.text)
    UART4_IRQHandler                         0x08000303   Thumb Code     0  startup_stm32h723xx.o(.text)
    UART5_IRQHandler                         0x08000303   Thumb Code     0  startup_stm32h723xx.o(.text)
    UART7_IRQHandler                         0x08000303   Thumb Code     0  startup_stm32h723xx.o(.text)
    UART8_IRQHandler                         0x08000303   Thumb Code     0  startup_stm32h723xx.o(.text)
    UART9_IRQHandler                         0x08000303   Thumb Code     0  startup_stm32h723xx.o(.text)
    USART10_IRQHandler                       0x08000303   Thumb Code     0  startup_stm32h723xx.o(.text)
    USART2_IRQHandler                        0x08000303   Thumb Code     0  startup_stm32h723xx.o(.text)
    USART3_IRQHandler                        0x08000303   Thumb Code     0  startup_stm32h723xx.o(.text)
    USART6_IRQHandler                        0x08000303   Thumb Code     0  startup_stm32h723xx.o(.text)
    WAKEUP_PIN_IRQHandler                    0x08000303   Thumb Code     0  startup_stm32h723xx.o(.text)
    WWDG_IRQHandler                          0x08000303   Thumb Code     0  startup_stm32h723xx.o(.text)
    __aeabi_uldivmod                         0x08000311   Thumb Code    98  uldiv.o(.text)
    __aeabi_memcpy                           0x08000373   Thumb Code    36  memcpya.o(.text)
    __aeabi_memcpy4                          0x08000373   Thumb Code     0  memcpya.o(.text)
    __aeabi_memcpy8                          0x08000373   Thumb Code     0  memcpya.o(.text)
    __aeabi_memset                           0x08000397   Thumb Code    14  memseta.o(.text)
    __aeabi_memset4                          0x08000397   Thumb Code     0  memseta.o(.text)
    __aeabi_memset8                          0x08000397   Thumb Code     0  memseta.o(.text)
    __aeabi_memclr                           0x080003a5   Thumb Code     4  memseta.o(.text)
    __aeabi_memclr4                          0x080003a5   Thumb Code     0  memseta.o(.text)
    __aeabi_memclr8                          0x080003a5   Thumb Code     0  memseta.o(.text)
    _memset$wrapper                          0x080003a9   Thumb Code    18  memseta.o(.text)
    __aeabi_llsl                             0x080003bb   Thumb Code    30  llshl.o(.text)
    _ll_shift_l                              0x080003bb   Thumb Code     0  llshl.o(.text)
    __aeabi_llsr                             0x080003d9   Thumb Code    32  llushr.o(.text)
    _ll_ushift_r                             0x080003d9   Thumb Code     0  llushr.o(.text)
    __scatterload                            0x080003f9   Thumb Code    28  init.o(.text)
    __scatterload_rt2                        0x080003f9   Thumb Code     0  init.o(.text)
    __decompress                             0x0800041d   Thumb Code     0  __dczerorl2.o(.text)
    __decompress1                            0x0800041d   Thumb Code    86  __dczerorl2.o(.text)
    BusFault_Handler                         0x08000473   Thumb Code     4  stm32h7xx_it.o(i.BusFault_Handler)
    Crc16Ccitt                               0x08000479   Thumb Code    40  boot.o(i.Crc16Ccitt)
    DMA1_Stream0_IRQHandler                  0x080004a5   Thumb Code    10  stm32h7xx_it.o(i.DMA1_Stream0_IRQHandler)
    DMA1_Stream1_IRQHandler                  0x080004b5   Thumb Code    10  stm32h7xx_it.o(i.DMA1_Stream1_IRQHandler)
    DebugMon_Handler                         0x080007bb   Thumb Code     2  stm32h7xx_it.o(i.DebugMon_Handler)
    Error_Handler                            0x080007bd   Thumb Code     6  main.o(i.Error_Handler)
    ExitRun0Mode                             0x080007c5   Thumb Code    30  system_stm32h7xx.o(i.ExitRun0Mode)
    FLASH_Erase_Sector                       0x080007e9   Thumb Code    42  stm32h7xx_hal_flash_ex.o(i.FLASH_Erase_Sector)
    FLASH_WaitForLastOperation               0x08000845   Thumb Code   120  stm32h7xx_hal_flash.o(i.FLASH_WaitForLastOperation)
    GetSector                                0x080008c9   Thumb Code    10  boot.o(i.GetSector)
    H7flash_write                            0x080008d5   Thumb Code   246  boot.o(i.H7flash_write)
    HAL_DMA_Abort                            0x080009d9   Thumb Code  1236  stm32h7xx_hal_dma.o(i.HAL_DMA_Abort)
    HAL_DMA_Abort_IT                         0x08000eb5   Thumb Code   906  stm32h7xx_hal_dma.o(i.HAL_DMA_Abort_IT)
    HAL_DMA_IRQHandler                       0x0800124d   Thumb Code  2798  stm32h7xx_hal_dma.o(i.HAL_DMA_IRQHandler)
    HAL_DMA_Init                             0x08001d45   Thumb Code  1292  stm32h7xx_hal_dma.o(i.HAL_DMA_Init)
    HAL_DeInit                               0x08002259   Thumb Code   100  stm32h7xx_hal.o(i.HAL_DeInit)
    HAL_Delay                                0x080022e1   Thumb Code    36  stm32h7xx_hal.o(i.HAL_Delay)
    HAL_FLASHEx_Erase                        0x08002309   Thumb Code   202  stm32h7xx_hal_flash_ex.o(i.HAL_FLASHEx_Erase)
    HAL_FLASH_Lock                           0x080023dd   Thumb Code    30  stm32h7xx_hal_flash.o(i.HAL_FLASH_Lock)
    HAL_FLASH_Program                        0x08002401   Thumb Code   228  stm32h7xx_hal_flash.o(i.HAL_FLASH_Program)
    HAL_FLASH_Unlock                         0x080024ed   Thumb Code    38  stm32h7xx_hal_flash.o(i.HAL_FLASH_Unlock)
    HAL_GPIO_Init                            0x08002521   Thumb Code   446  stm32h7xx_hal_gpio.o(i.HAL_GPIO_Init)
    HAL_GetTick                              0x08002711   Thumb Code     6  stm32h7xx_hal.o(i.HAL_GetTick)
    HAL_IncTick                              0x0800271d   Thumb Code    16  stm32h7xx_hal.o(i.HAL_IncTick)
    HAL_Init                                 0x08002735   Thumb Code    80  stm32h7xx_hal.o(i.HAL_Init)
    HAL_InitTick                             0x08002795   Thumb Code    74  stm32h7xx_hal.o(i.HAL_InitTick)
    HAL_MPU_Disable                          0x080027ed   Thumb Code    38  stm32h7xx_hal_cortex.o(i.HAL_MPU_Disable)
    HAL_MspDeInit                            0x08002819   Thumb Code     2  stm32h7xx_hal.o(i.HAL_MspDeInit)
    HAL_MspInit                              0x0800281d   Thumb Code    32  stm32h7xx_hal_msp.o(i.HAL_MspInit)
    HAL_NVIC_EnableIRQ                       0x08002841   Thumb Code    40  stm32h7xx_hal_cortex.o(i.HAL_NVIC_EnableIRQ)
    HAL_NVIC_SetPriority                     0x08002869   Thumb Code   122  stm32h7xx_hal_cortex.o(i.HAL_NVIC_SetPriority)
    HAL_NVIC_SetPriorityGrouping             0x080028e5   Thumb Code    32  stm32h7xx_hal_cortex.o(i.HAL_NVIC_SetPriorityGrouping)
    HAL_PWREx_ConfigSupply                   0x0800290d   Thumb Code    90  stm32h7xx_hal_pwr_ex.o(i.HAL_PWREx_ConfigSupply)
    HAL_RCCEx_GetD3PCLK1Freq                 0x0800296d   Thumb Code    26  stm32h7xx_hal_rcc_ex.o(i.HAL_RCCEx_GetD3PCLK1Freq)
    HAL_RCCEx_GetPLL2ClockFreq               0x08002991   Thumb Code   536  stm32h7xx_hal_rcc_ex.o(i.HAL_RCCEx_GetPLL2ClockFreq)
    HAL_RCCEx_GetPLL3ClockFreq               0x08002bc1   Thumb Code   536  stm32h7xx_hal_rcc_ex.o(i.HAL_RCCEx_GetPLL3ClockFreq)
    HAL_RCCEx_PeriphCLKConfig                0x08002df1   Thumb Code  3272  stm32h7xx_hal_rcc_ex.o(i.HAL_RCCEx_PeriphCLKConfig)
    HAL_RCC_ClockConfig                      0x08003ab9   Thumb Code   774  stm32h7xx_hal_rcc.o(i.HAL_RCC_ClockConfig)
    HAL_RCC_DeInit                           0x08003dd9   Thumb Code   516  stm32h7xx_hal_rcc.o(i.HAL_RCC_DeInit)
    HAL_RCC_GetHCLKFreq                      0x08004005   Thumb Code    60  stm32h7xx_hal_rcc.o(i.HAL_RCC_GetHCLKFreq)
    HAL_RCC_GetPCLK1Freq                     0x08004051   Thumb Code    26  stm32h7xx_hal_rcc.o(i.HAL_RCC_GetPCLK1Freq)
    HAL_RCC_GetPCLK2Freq                     0x08004075   Thumb Code    26  stm32h7xx_hal_rcc.o(i.HAL_RCC_GetPCLK2Freq)
    HAL_RCC_GetSysClockFreq                  0x08004099   Thumb Code   524  stm32h7xx_hal_rcc.o(i.HAL_RCC_GetSysClockFreq)
    HAL_RCC_OscConfig                        0x080042c5   Thumb Code  1874  stm32h7xx_hal_rcc.o(i.HAL_RCC_OscConfig)
    HAL_SYSTICK_Config                       0x08004a21   Thumb Code    52  stm32h7xx_hal_cortex.o(i.HAL_SYSTICK_Config)
    HAL_TIMEx_MasterConfigSynchronization    0x08004a55   Thumb Code   190  stm32h7xx_hal_tim_ex.o(i.HAL_TIMEx_MasterConfigSynchronization)
    HAL_TIM_Base_Init                        0x08004b39   Thumb Code   110  stm32h7xx_hal_tim.o(i.HAL_TIM_Base_Init)
    HAL_TIM_Base_MspInit                     0x08004ba9   Thumb Code    40  tim.o(i.HAL_TIM_Base_MspInit)
    HAL_TIM_Base_Start                       0x08004bd5   Thumb Code   150  stm32h7xx_hal_tim.o(i.HAL_TIM_Base_Start)
    HAL_TIM_ConfigClockSource                0x08004c95   Thumb Code   304  stm32h7xx_hal_tim.o(i.HAL_TIM_ConfigClockSource)
    HAL_UARTEx_DisableFifoMode               0x08004dc9   Thumb Code    78  stm32h7xx_hal_uart_ex.o(i.HAL_UARTEx_DisableFifoMode)
    HAL_UARTEx_RxEventCallback               0x08004e17   Thumb Code     2  stm32h7xx_hal_uart.o(i.HAL_UARTEx_RxEventCallback)
    HAL_UARTEx_RxFifoFullCallback            0x08004e19   Thumb Code     2  stm32h7xx_hal_uart_ex.o(i.HAL_UARTEx_RxFifoFullCallback)
    HAL_UARTEx_SetRxFifoThreshold            0x08004e1b   Thumb Code    94  stm32h7xx_hal_uart_ex.o(i.HAL_UARTEx_SetRxFifoThreshold)
    HAL_UARTEx_SetTxFifoThreshold            0x08004e79   Thumb Code    94  stm32h7xx_hal_uart_ex.o(i.HAL_UARTEx_SetTxFifoThreshold)
    HAL_UARTEx_TxFifoEmptyCallback           0x08004ed7   Thumb Code     2  stm32h7xx_hal_uart_ex.o(i.HAL_UARTEx_TxFifoEmptyCallback)
    HAL_UARTEx_WakeupCallback                0x08004ed9   Thumb Code     2  stm32h7xx_hal_uart_ex.o(i.HAL_UARTEx_WakeupCallback)
    HAL_UART_ErrorCallback                   0x08004edb   Thumb Code     2  stm32h7xx_hal_uart.o(i.HAL_UART_ErrorCallback)
    HAL_UART_IRQHandler                      0x08004edd   Thumb Code  1206  stm32h7xx_hal_uart.o(i.HAL_UART_IRQHandler)
    HAL_UART_Init                            0x08005393   Thumb Code   120  stm32h7xx_hal_uart.o(i.HAL_UART_Init)
    HAL_UART_MspInit                         0x0800540d   Thumb Code   278  usart.o(i.HAL_UART_MspInit)
    HAL_UART_TxCpltCallback                  0x0800553d   Thumb Code     2  stm32h7xx_hal_uart.o(i.HAL_UART_TxCpltCallback)
    HardFault_Handler                        0x0800553f   Thumb Code     4  stm32h7xx_it.o(i.HardFault_Handler)
    MX_DMA_Init                              0x08005555   Thumb Code    64  dma.o(i.MX_DMA_Init)
    MX_GPIO_Init                             0x08005599   Thumb Code    58  gpio.o(i.MX_GPIO_Init)
    MX_TIM2_Init                             0x080055d9   Thumb Code   102  tim.o(i.MX_TIM2_Init)
    MX_USART1_UART_Init                      0x08005645   Thumb Code   102  usart.o(i.MX_USART1_UART_Init)
    MemManage_Handler                        0x080056b5   Thumb Code     4  stm32h7xx_it.o(i.MemManage_Handler)
    NMI_Handler                              0x080056b9   Thumb Code     4  stm32h7xx_it.o(i.NMI_Handler)
    PendSV_Handler                           0x080056bd   Thumb Code     2  stm32h7xx_it.o(i.PendSV_Handler)
    STMFLASH_ReadWord                        0x08005989   Thumb Code     6  boot.o(i.STMFLASH_ReadWord)
    SVC_Handler                              0x0800598f   Thumb Code     2  stm32h7xx_it.o(i.SVC_Handler)
    SysTick_Handler                          0x08005991   Thumb Code     8  stm32h7xx_it.o(i.SysTick_Handler)
    SystemClock_Config                       0x08005999   Thumb Code   186  main.o(i.SystemClock_Config)
    SystemInit                               0x08005a59   Thumb Code   236  system_stm32h7xx.o(i.SystemInit)
    TIM_Base_SetConfig                       0x08005b65   Thumb Code   190  stm32h7xx_hal_tim.o(i.TIM_Base_SetConfig)
    TIM_ETR_SetConfig                        0x08005c4d   Thumb Code    22  stm32h7xx_hal_tim.o(i.TIM_ETR_SetConfig)
    UART_AdvFeatureConfig                    0x08005d25   Thumb Code   248  stm32h7xx_hal_uart.o(i.UART_AdvFeatureConfig)
    UART_CheckIdleState                      0x08005e1d   Thumb Code   234  stm32h7xx_hal_uart.o(i.UART_CheckIdleState)
    UART_SetConfig                           0x08005fb9   Thumb Code  1558  stm32h7xx_hal_uart.o(i.UART_SetConfig)
    UART_WaitOnFlagUntilTimeout              0x080065e1   Thumb Code   172  stm32h7xx_hal_uart.o(i.UART_WaitOnFlagUntilTimeout)
    USART1_IRQHandler                        0x0800668d   Thumb Code    10  stm32h7xx_it.o(i.USART1_IRQHandler)
    UsageFault_Handler                       0x0800669d   Thumb Code     4  stm32h7xx_it.o(i.UsageFault_Handler)
    __scatterload_copy                       0x080066d9   Thumb Code    14  handlers.o(i.__scatterload_copy)
    __scatterload_null                       0x080066e7   Thumb Code     2  handlers.o(i.__scatterload_null)
    __scatterload_zeroinit                   0x080066e9   Thumb Code    14  handlers.o(i.__scatterload_zeroinit)
    deal_recv                                0x080066f9   Thumb Code   548  boot.o(i.deal_recv)
    iap_load_app                             0x08006955   Thumb Code    26  boot.o(i.iap_load_app)
    initUartDma                              0x08006975   Thumb Code  1382  uart_x.o(i.initUartDma)
    main                                     0x08006ee5   Thumb Code   134  main.o(i.main)
    send_to_pc                               0x08006f91   Thumb Code    60  boot.o(i.send_to_pc)
    uart_dma__run                            0x08006fcd   Thumb Code  3454  uart_x.o(i.uart_dma__run)
    UARTPrescTable                           0x08007d5c   Data          24  stm32h7xx_hal_uart.o(.constdata)
    D1CorePrescTable                         0x08007d84   Data          16  system_stm32h7xx.o(.constdata)
    load_flash_addr                          0x08007d94   Data          12  boot.o(.constdata)
    ccitt_table                              0x08007da0   Data         512  boot.o(.constdata)
    Region$$Table$$Base                      0x08007fa0   Number         0  anon$$obj.o(Region$$Table)
    Region$$Table$$Limit                     0x08007fe0   Number         0  anon$$obj.o(Region$$Table)
    __initial_sp                             0x20001400   Data           0  startup_stm32h723xx.o(STACK)
    cnt_jump                                 0x24000000   Data           4  main.o(.data)
    COM1_EN                                  0x24000004   Data           4  main.o(.data)
    COM_check_flag                           0x24000008   Data           4  main.o(.data)
    uwTick                                   0x2400000c   Data           4  stm32h7xx_hal.o(.data)
    uwTickPrio                               0x24000010   Data           4  stm32h7xx_hal.o(.data)
    uwTickFreq                               0x24000014   Data           1  stm32h7xx_hal.o(.data)
    SystemCoreClock                          0x24000018   Data           4  system_stm32h7xx.o(.data)
    SystemD2Clock                            0x2400001c   Data           4  system_stm32h7xx.o(.data)
    phase                                    0x24000020   Data           1  boot.o(.data)
    crcy                                     0x24000022   Data           2  boot.o(.data)
    RX_BUF                                   0x24000024   Data           4  boot.o(.data)
    data_len                                 0x24000028   Data           2  boot.o(.data)
    flash_addr                               0x2400002c   Data           4  boot.o(.data)
    load_addr                                0x24000030   Data           4  boot.o(.data)
    Cmd_type                                 0x24000034   Data           1  boot.o(.data)
    version_change                           0x24000035   Data           1  boot.o(.data)
    forbid_write_flag                        0x24000036   Data           1  boot.o(.data)
    iapfun                                   0x24000038   Data           4  boot.o(.data)
    htim2                                    0x2400003c   Data          76  tim.o(.bss)
    huart1                                   0x24000088   Data         148  usart.o(.bss)
    hdma_usart1_rx                           0x2400011c   Data         120  usart.o(.bss)
    hdma_usart1_tx                           0x24000194   Data         120  usart.o(.bss)
    pFlash                                   0x2400020c   Data          28  stm32h7xx_hal_flash.o(.bss)
    watch_tim0                               0x24000228   Data          28  boot.o(.bss)
    com_u4                                   0x24020000   Data       10291  uart_x.o(.RAM_D1)



==============================================================================

Memory Map of the image

  Image Entry point : 0x080002cd

  Load Region LR_IROM1 (Base: 0x08000000, Size: 0x0000a850, Max: 0x00080000, ABSOLUTE, COMPRESSED[0x00008070])

    Execution Region ER_IROM1 (Exec base: 0x08000000, Load base: 0x08000000, Size: 0x00007fe0, Max: 0x00080000, ABSOLUTE)

    Exec Addr    Load Addr    Size         Type   Attr      Idx    E Section Name        Object

    0x08000000   0x08000000   0x000002cc   Data   RO            3    RESET               startup_stm32h723xx.o
    0x080002cc   0x080002cc   0x00000000   Code   RO         4783  * .ARM.Collect$$$$00000000  mc_w.l(entry.o)
    0x080002cc   0x080002cc   0x00000004   Code   RO         4794    .ARM.Collect$$$$00000001  mc_w.l(entry2.o)
    0x080002d0   0x080002d0   0x00000004   Code   RO         4797    .ARM.Collect$$$$00000004  mc_w.l(entry5.o)
    0x080002d4   0x080002d4   0x00000000   Code   RO         4799    .ARM.Collect$$$$00000008  mc_w.l(entry7b.o)
    0x080002d4   0x080002d4   0x00000000   Code   RO         4801    .ARM.Collect$$$$0000000A  mc_w.l(entry8b.o)
    0x080002d4   0x080002d4   0x00000008   Code   RO         4802    .ARM.Collect$$$$0000000B  mc_w.l(entry9a.o)
    0x080002dc   0x080002dc   0x00000004   Code   RO         4809    .ARM.Collect$$$$0000000E  mc_w.l(entry12b.o)
    0x080002e0   0x080002e0   0x00000000   Code   RO         4804    .ARM.Collect$$$$0000000F  mc_w.l(entry10a.o)
    0x080002e0   0x080002e0   0x00000000   Code   RO         4806    .ARM.Collect$$$$00000011  mc_w.l(entry11a.o)
    0x080002e0   0x080002e0   0x00000004   Code   RO         4795    .ARM.Collect$$$$00002712  mc_w.l(entry2.o)
    0x080002e4   0x080002e4   0x0000002c   Code   RO            4    .text               startup_stm32h723xx.o
    0x08000310   0x08000310   0x00000062   Code   RO         4786    .text               mc_w.l(uldiv.o)
    0x08000372   0x08000372   0x00000024   Code   RO         4788    .text               mc_w.l(memcpya.o)
    0x08000396   0x08000396   0x00000024   Code   RO         4790    .text               mc_w.l(memseta.o)
    0x080003ba   0x080003ba   0x0000001e   Code   RO         4810    .text               mc_w.l(llshl.o)
    0x080003d8   0x080003d8   0x00000020   Code   RO         4812    .text               mc_w.l(llushr.o)
    0x080003f8   0x080003f8   0x00000024   Code   RO         4814    .text               mc_w.l(init.o)
    0x0800041c   0x0800041c   0x00000056   Code   RO         4824    .text               mc_w.l(__dczerorl2.o)
    0x08000472   0x08000472   0x00000004   Code   RO          350    i.BusFault_Handler  stm32h7xx_it.o
    0x08000476   0x08000476   0x00000002   PAD
    0x08000478   0x08000478   0x0000002c   Code   RO         4702    i.Crc16Ccitt        boot.o
    0x080004a4   0x080004a4   0x00000010   Code   RO          351    i.DMA1_Stream0_IRQHandler  stm32h7xx_it.o
    0x080004b4   0x080004b4   0x00000010   Code   RO          352    i.DMA1_Stream1_IRQHandler  stm32h7xx_it.o
    0x080004c4   0x080004c4   0x000000ec   Code   RO         1346    i.DMA_CalcBaseAndBitshift  stm32h7xx_hal_dma.o
    0x080005b0   0x080005b0   0x000000c4   Code   RO         1347    i.DMA_CalcDMAMUXChannelBaseAndMask  stm32h7xx_hal_dma.o
    0x08000674   0x08000674   0x00000098   Code   RO         1348    i.DMA_CalcDMAMUXRequestGenBaseAndMask  stm32h7xx_hal_dma.o
    0x0800070c   0x0800070c   0x000000ae   Code   RO         1349    i.DMA_CheckFifoParam  stm32h7xx_hal_dma.o
    0x080007ba   0x080007ba   0x00000002   Code   RO          353    i.DebugMon_Handler  stm32h7xx_it.o
    0x080007bc   0x080007bc   0x00000006   Code   RO           13    i.Error_Handler     main.o
    0x080007c2   0x080007c2   0x00000002   PAD
    0x080007c4   0x080007c4   0x00000024   Code   RO         4565    i.ExitRun0Mode      system_stm32h7xx.o
    0x080007e8   0x080007e8   0x00000030   Code   RO         1022    i.FLASH_Erase_Sector  stm32h7xx_hal_flash_ex.o
    0x08000818   0x08000818   0x0000002c   Code   RO         1023    i.FLASH_MassErase   stm32h7xx_hal_flash_ex.o
    0x08000844   0x08000844   0x00000084   Code   RO          914    i.FLASH_WaitForLastOperation  stm32h7xx_hal_flash.o
    0x080008c8   0x080008c8   0x0000000a   Code   RO         4703    i.GetSector         boot.o
    0x080008d2   0x080008d2   0x00000002   PAD
    0x080008d4   0x080008d4   0x00000104   Code   RO         4704    i.H7flash_write     boot.o
    0x080009d8   0x080009d8   0x000004dc   Code   RO         1351    i.HAL_DMA_Abort     stm32h7xx_hal_dma.o
    0x08000eb4   0x08000eb4   0x00000398   Code   RO         1352    i.HAL_DMA_Abort_IT  stm32h7xx_hal_dma.o
    0x0800124c   0x0800124c   0x00000af8   Code   RO         1356    i.HAL_DMA_IRQHandler  stm32h7xx_hal_dma.o
    0x08001d44   0x08001d44   0x00000514   Code   RO         1357    i.HAL_DMA_Init      stm32h7xx_hal_dma.o
    0x08002258   0x08002258   0x00000088   Code   RO         2047    i.HAL_DeInit        stm32h7xx_hal.o
    0x080022e0   0x080022e0   0x00000028   Code   RO         2048    i.HAL_Delay         stm32h7xx_hal.o
    0x08002308   0x08002308   0x000000d4   Code   RO         1044    i.HAL_FLASHEx_Erase  stm32h7xx_hal_flash_ex.o
    0x080023dc   0x080023dc   0x00000024   Code   RO          918    i.HAL_FLASH_Lock    stm32h7xx_hal_flash.o
    0x08002400   0x08002400   0x000000ec   Code   RO          923    i.HAL_FLASH_Program  stm32h7xx_hal_flash.o
    0x080024ec   0x080024ec   0x00000034   Code   RO          925    i.HAL_FLASH_Unlock  stm32h7xx_hal_flash.o
    0x08002520   0x08002520   0x000001f0   Code   RO         1199    i.HAL_GPIO_Init     stm32h7xx_hal_gpio.o
    0x08002710   0x08002710   0x0000000c   Code   RO         2064    i.HAL_GetTick       stm32h7xx_hal.o
    0x0800271c   0x0800271c   0x00000018   Code   RO         2070    i.HAL_IncTick       stm32h7xx_hal.o
    0x08002734   0x08002734   0x00000060   Code   RO         2071    i.HAL_Init          stm32h7xx_hal.o
    0x08002794   0x08002794   0x00000058   Code   RO         2072    i.HAL_InitTick      stm32h7xx_hal.o
    0x080027ec   0x080027ec   0x0000002c   Code   RO          470    i.HAL_MPU_Disable   stm32h7xx_hal_cortex.o
    0x08002818   0x08002818   0x00000002   Code   RO         2073    i.HAL_MspDeInit     stm32h7xx_hal.o
    0x0800281a   0x0800281a   0x00000002   PAD
    0x0800281c   0x0800281c   0x00000024   Code   RO          444    i.HAL_MspInit       stm32h7xx_hal_msp.o
    0x08002840   0x08002840   0x00000028   Code   RO          476    i.HAL_NVIC_EnableIRQ  stm32h7xx_hal_cortex.o
    0x08002868   0x08002868   0x0000007a   Code   RO          482    i.HAL_NVIC_SetPriority  stm32h7xx_hal_cortex.o
    0x080028e2   0x080028e2   0x00000002   PAD
    0x080028e4   0x080028e4   0x00000028   Code   RO          483    i.HAL_NVIC_SetPriorityGrouping  stm32h7xx_hal_cortex.o
    0x0800290c   0x0800290c   0x00000060   Code   RO         1800    i.HAL_PWREx_ConfigSupply  stm32h7xx_hal_pwr_ex.o
    0x0800296c   0x0800296c   0x00000024   Code   RO          742    i.HAL_RCCEx_GetD3PCLK1Freq  stm32h7xx_hal_rcc_ex.o
    0x08002990   0x08002990   0x00000230   Code   RO          744    i.HAL_RCCEx_GetPLL2ClockFreq  stm32h7xx_hal_rcc_ex.o
    0x08002bc0   0x08002bc0   0x00000230   Code   RO          745    i.HAL_RCCEx_GetPLL3ClockFreq  stm32h7xx_hal_rcc_ex.o
    0x08002df0   0x08002df0   0x00000cc8   Code   RO          751    i.HAL_RCCEx_PeriphCLKConfig  stm32h7xx_hal_rcc_ex.o
    0x08003ab8   0x08003ab8   0x00000320   Code   RO          627    i.HAL_RCC_ClockConfig  stm32h7xx_hal_rcc.o
    0x08003dd8   0x08003dd8   0x0000022c   Code   RO          628    i.HAL_RCC_DeInit    stm32h7xx_hal_rcc.o
    0x08004004   0x08004004   0x0000004c   Code   RO          632    i.HAL_RCC_GetHCLKFreq  stm32h7xx_hal_rcc.o
    0x08004050   0x08004050   0x00000024   Code   RO          634    i.HAL_RCC_GetPCLK1Freq  stm32h7xx_hal_rcc.o
    0x08004074   0x08004074   0x00000024   Code   RO          635    i.HAL_RCC_GetPCLK2Freq  stm32h7xx_hal_rcc.o
    0x08004098   0x08004098   0x0000022c   Code   RO          636    i.HAL_RCC_GetSysClockFreq  stm32h7xx_hal_rcc.o
    0x080042c4   0x080042c4   0x0000075c   Code   RO          639    i.HAL_RCC_OscConfig  stm32h7xx_hal_rcc.o
    0x08004a20   0x08004a20   0x00000034   Code   RO          487    i.HAL_SYSTICK_Config  stm32h7xx_hal_cortex.o
    0x08004a54   0x08004a54   0x000000e4   Code   RO         3737    i.HAL_TIMEx_MasterConfigSynchronization  stm32h7xx_hal_tim_ex.o
    0x08004b38   0x08004b38   0x0000006e   Code   RO         2989    i.HAL_TIM_Base_Init  stm32h7xx_hal_tim.o
    0x08004ba6   0x08004ba6   0x00000002   PAD
    0x08004ba8   0x08004ba8   0x0000002c   Code   RO          267    i.HAL_TIM_Base_MspInit  tim.o
    0x08004bd4   0x08004bd4   0x000000c0   Code   RO         2992    i.HAL_TIM_Base_Start  stm32h7xx_hal_tim.o
    0x08004c94   0x08004c94   0x00000134   Code   RO         2998    i.HAL_TIM_ConfigClockSource  stm32h7xx_hal_tim.o
    0x08004dc8   0x08004dc8   0x0000004e   Code   RO         4442    i.HAL_UARTEx_DisableFifoMode  stm32h7xx_hal_uart_ex.o
    0x08004e16   0x08004e16   0x00000002   Code   RO         4026    i.HAL_UARTEx_RxEventCallback  stm32h7xx_hal_uart.o
    0x08004e18   0x08004e18   0x00000002   Code   RO         4450    i.HAL_UARTEx_RxFifoFullCallback  stm32h7xx_hal_uart_ex.o
    0x08004e1a   0x08004e1a   0x0000005e   Code   RO         4451    i.HAL_UARTEx_SetRxFifoThreshold  stm32h7xx_hal_uart_ex.o
    0x08004e78   0x08004e78   0x0000005e   Code   RO         4452    i.HAL_UARTEx_SetTxFifoThreshold  stm32h7xx_hal_uart_ex.o
    0x08004ed6   0x08004ed6   0x00000002   Code   RO         4454    i.HAL_UARTEx_TxFifoEmptyCallback  stm32h7xx_hal_uart_ex.o
    0x08004ed8   0x08004ed8   0x00000002   Code   RO         4455    i.HAL_UARTEx_WakeupCallback  stm32h7xx_hal_uart_ex.o
    0x08004eda   0x08004eda   0x00000002   Code   RO         4042    i.HAL_UART_ErrorCallback  stm32h7xx_hal_uart.o
    0x08004edc   0x08004edc   0x000004b6   Code   RO         4045    i.HAL_UART_IRQHandler  stm32h7xx_hal_uart.o
    0x08005392   0x08005392   0x00000078   Code   RO         4046    i.HAL_UART_Init     stm32h7xx_hal_uart.o
    0x0800540a   0x0800540a   0x00000002   PAD
    0x0800540c   0x0800540c   0x00000130   Code   RO          309    i.HAL_UART_MspInit  usart.o
    0x0800553c   0x0800553c   0x00000002   Code   RO         4058    i.HAL_UART_TxCpltCallback  stm32h7xx_hal_uart.o
    0x0800553e   0x0800553e   0x00000004   Code   RO          354    i.HardFault_Handler  stm32h7xx_it.o
    0x08005542   0x08005542   0x00000012   Code   RO           14    i.MPU_Config        main.o
    0x08005554   0x08005554   0x00000044   Code   RO          224    i.MX_DMA_Init       dma.o
    0x08005598   0x08005598   0x00000040   Code   RO          200    i.MX_GPIO_Init      gpio.o
    0x080055d8   0x080055d8   0x0000006c   Code   RO          268    i.MX_TIM2_Init      tim.o
    0x08005644   0x08005644   0x00000070   Code   RO          310    i.MX_USART1_UART_Init  usart.o
    0x080056b4   0x080056b4   0x00000004   Code   RO          355    i.MemManage_Handler  stm32h7xx_it.o
    0x080056b8   0x080056b8   0x00000004   Code   RO          356    i.NMI_Handler       stm32h7xx_it.o
    0x080056bc   0x080056bc   0x00000002   Code   RO          357    i.PendSV_Handler    stm32h7xx_it.o
    0x080056be   0x080056be   0x00000002   PAD
    0x080056c0   0x080056c0   0x00000164   Code   RO          754    i.RCCEx_PLL2_Config  stm32h7xx_hal_rcc_ex.o
    0x08005824   0x08005824   0x00000164   Code   RO          755    i.RCCEx_PLL3_Config  stm32h7xx_hal_rcc_ex.o
    0x08005988   0x08005988   0x00000006   Code   RO         4705    i.STMFLASH_ReadWord  boot.o
    0x0800598e   0x0800598e   0x00000002   Code   RO          358    i.SVC_Handler       stm32h7xx_it.o
    0x08005990   0x08005990   0x00000008   Code   RO          359    i.SysTick_Handler   stm32h7xx_it.o
    0x08005998   0x08005998   0x000000c0   Code   RO           15    i.SystemClock_Config  main.o
    0x08005a58   0x08005a58   0x0000010c   Code   RO         4567    i.SystemInit        system_stm32h7xx.o
    0x08005b64   0x08005b64   0x000000e8   Code   RO         3082    i.TIM_Base_SetConfig  stm32h7xx_hal_tim.o
    0x08005c4c   0x08005c4c   0x00000016   Code   RO         3093    i.TIM_ETR_SetConfig  stm32h7xx_hal_tim.o
    0x08005c62   0x08005c62   0x00000002   PAD
    0x08005c64   0x08005c64   0x00000018   Code   RO         3094    i.TIM_ITRx_SetConfig  stm32h7xx_hal_tim.o
    0x08005c7c   0x08005c7c   0x00000026   Code   RO         3102    i.TIM_TI1_ConfigInputStage  stm32h7xx_hal_tim.o
    0x08005ca2   0x08005ca2   0x00000028   Code   RO         3104    i.TIM_TI2_ConfigInputStage  stm32h7xx_hal_tim.o
    0x08005cca   0x08005cca   0x00000002   PAD
    0x08005ccc   0x08005ccc   0x00000058   Code   RO         4456    i.UARTEx_SetNbDataToProcess  stm32h7xx_hal_uart_ex.o
    0x08005d24   0x08005d24   0x000000f8   Code   RO         4060    i.UART_AdvFeatureConfig  stm32h7xx_hal_uart.o
    0x08005e1c   0x08005e1c   0x000000ea   Code   RO         4061    i.UART_CheckIdleState  stm32h7xx_hal_uart.o
    0x08005f06   0x08005f06   0x00000014   Code   RO         4062    i.UART_DMAAbortOnError  stm32h7xx_hal_uart.o
    0x08005f1a   0x08005f1a   0x00000002   PAD
    0x08005f1c   0x08005f1c   0x0000006c   Code   RO         4072    i.UART_EndRxTransfer  stm32h7xx_hal_uart.o
    0x08005f88   0x08005f88   0x00000030   Code   RO         4073    i.UART_EndTransmit_IT  stm32h7xx_hal_uart.o
    0x08005fb8   0x08005fb8   0x00000628   Code   RO         4079    i.UART_SetConfig    stm32h7xx_hal_uart.o
    0x080065e0   0x080065e0   0x000000ac   Code   RO         4086    i.UART_WaitOnFlagUntilTimeout  stm32h7xx_hal_uart.o
    0x0800668c   0x0800668c   0x00000010   Code   RO          360    i.USART1_IRQHandler  stm32h7xx_it.o
    0x0800669c   0x0800669c   0x00000004   Code   RO          361    i.UsageFault_Handler  stm32h7xx_it.o
    0x080066a0   0x080066a0   0x00000010   Code   RO          489    i.__NVIC_GetPriorityGrouping  stm32h7xx_hal_cortex.o
    0x080066b0   0x080066b0   0x00000028   Code   RO          490    i.__NVIC_SetPriority  stm32h7xx_hal_cortex.o
    0x080066d8   0x080066d8   0x0000000e   Code   RO         4818    i.__scatterload_copy  mc_w.l(handlers.o)
    0x080066e6   0x080066e6   0x00000002   Code   RO         4819    i.__scatterload_null  mc_w.l(handlers.o)
    0x080066e8   0x080066e8   0x0000000e   Code   RO         4820    i.__scatterload_zeroinit  mc_w.l(handlers.o)
    0x080066f6   0x080066f6   0x00000002   PAD
    0x080066f8   0x080066f8   0x0000025c   Code   RO         4706    i.deal_recv         boot.o
    0x08006954   0x08006954   0x00000020   Code   RO         4707    i.iap_load_app      boot.o
    0x08006974   0x08006974   0x00000570   Code   RO         4612    i.initUartDma       uart_x.o
    0x08006ee4   0x08006ee4   0x000000ac   Code   RO           16    i.main              main.o
    0x08006f90   0x08006f90   0x0000003c   Code   RO         4708    i.send_to_pc        boot.o
    0x08006fcc   0x08006fcc   0x00000d88   Code   RO         4618    i.uart_dma__run     uart_x.o
    0x08007d54   0x08007d54   0x00000008   Data   RO         1363    .constdata          stm32h7xx_hal_dma.o
    0x08007d5c   0x08007d5c   0x00000018   Data   RO         4087    .constdata          stm32h7xx_hal_uart.o
    0x08007d74   0x08007d74   0x00000010   Data   RO         4458    .constdata          stm32h7xx_hal_uart_ex.o
    0x08007d84   0x08007d84   0x00000010   Data   RO         4568    .constdata          system_stm32h7xx.o
    0x08007d94   0x08007d94   0x0000020c   Data   RO         4712    .constdata          boot.o
    0x08007fa0   0x08007fa0   0x00000040   Data   RO         4816    Region$$Table       anon$$obj.o


    Execution Region RW_IRAM1 (Exec base: 0x20000000, Load base: 0x08007fe0, Size: 0x00001400, Max: 0x00020000, ABSOLUTE)

    Exec Addr    Load Addr    Size         Type   Attr      Idx    E Section Name        Object

    0x20000000        -       0x00001400   Zero   RW            1    STACK               startup_stm32h723xx.o


    Execution Region RW_IRAM2 (Exec base: 0x24000000, Load base: 0x08007fe0, Size: 0x00000244, Max: 0x00020000, ABSOLUTE)

    Exec Addr    Load Addr    Size         Type   Attr      Idx    E Section Name        Object

    0x24000000   0x08007fe0   0x0000000c   Data   RW           17    .data               main.o
    0x2400000c   0x08007fec   0x00000009   Data   RW         2095    .data               stm32h7xx_hal.o
    0x24000015   0x08007ff5   0x00000003   PAD
    0x24000018   0x08007ff8   0x00000008   Data   RW         4569    .data               system_stm32h7xx.o
    0x24000020   0x08008000   0x0000001c   Data   RW         4713    .data               boot.o
    0x2400003c        -       0x0000004c   Zero   RW          269    .bss                tim.o
    0x24000088        -       0x00000184   Zero   RW          311    .bss                usart.o
    0x2400020c        -       0x0000001c   Zero   RW          926    .bss                stm32h7xx_hal_flash.o
    0x24000228        -       0x0000001c   Zero   RW         4711    .bss                boot.o


    Execution Region RW_IRAM3 (Exec base: 0x24020000, Load base: 0x0800801c, Size: 0x00002834, Max: 0x00030000, ABSOLUTE, COMPRESSED[0x00000054])

    Exec Addr    Load Addr    Size         Type   Attr      Idx    E Section Name        Object

    0x24020000   COMPRESSED   0x00002833   Data   RW         4619    .RAM_D1             uart_x.o


==============================================================================

Image component sizes


      Code (inc. data)   RO Data    RW Data    ZI Data      Debug   Object Name

      1016         80        524         28         28      11881   boot.o
        68          4          0          0          0        890   dma.o
        64          6          0          0          0        915   gpio.o
       388         44          0         12          0    1194250   main.o
        44         12        716          0       5120        840   startup_stm32h723xx.o
       398         84          0          9          0      24854   stm32h7xx_hal.o
       354         28          0          0          0      40593   stm32h7xx_hal_cortex.o
      7030        138          8          0          0      11103   stm32h7xx_hal_dma.o
       456         40          0          0         28      13750   stm32h7xx_hal_flash.o
       304         22          0          0          0       2773   stm32h7xx_hal_flash_ex.o
       496         50          0          0          0       1580   stm32h7xx_hal_gpio.o
        36          4          0          0          0        930   stm32h7xx_hal_msp.o
        96          6          0          0          0        773   stm32h7xx_hal_pwr_ex.o
      3944        150          0          0          0       7901   stm32h7xx_hal_rcc.o
      5140        112          0          0          0       7337   stm32h7xx_hal_rcc_ex.o
       966        102          0          0          0       6646   stm32h7xx_hal_tim.o
       228         38          0          0          0       1560   stm32h7xx_hal_tim_ex.o
      3738        152         24          0          0      30604   stm32h7xx_hal_uart.o
       360         10         16          0          0       5550   stm32h7xx_hal_uart_ex.o
        82         18          0          0          0       5710   stm32h7xx_it.o
       304         38         16          8          0       1889   system_stm32h7xx.o
       152         10          0          0         76       1766   tim.o
      4856         70          0      10291          0       5123   uart_x.o
       416         36          0          0        388       2092   usart.o

    ----------------------------------------------------------------------
     30958       1254       1368      10352       5640    1381310   Object Totals
         0          0         64          0          0          0   (incl. Generated)
        22          0          0          4          0          0   (incl. Padding)

    ----------------------------------------------------------------------

      Code (inc. data)   RO Data    RW Data    ZI Data      Debug   Library Member Name

        86          0          0          0          0          0   __dczerorl2.o
         0          0          0          0          0          0   entry.o
         0          0          0          0          0          0   entry10a.o
         0          0          0          0          0          0   entry11a.o
         4          0          0          0          0          0   entry12b.o
         8          4          0          0          0          0   entry2.o
         4          0          0          0          0          0   entry5.o
         0          0          0          0          0          0   entry7b.o
         0          0          0          0          0          0   entry8b.o
         8          4          0          0          0          0   entry9a.o
        30          0          0          0          0          0   handlers.o
        36          8          0          0          0         68   init.o
        30          0          0          0          0         68   llshl.o
        32          0          0          0          0         68   llushr.o
        36          0          0          0          0         68   memcpya.o
        36          0          0          0          0        108   memseta.o
        98          0          0          0          0         92   uldiv.o

    ----------------------------------------------------------------------
       410         16          0          0          0        472   Library Totals
         2          0          0          0          0          0   (incl. Padding)

    ----------------------------------------------------------------------

      Code (inc. data)   RO Data    RW Data    ZI Data      Debug   Library Name

       408         16          0          0          0        472   mc_w.l

    ----------------------------------------------------------------------
       410         16          0          0          0        472   Library Totals

    ----------------------------------------------------------------------

==============================================================================


      Code (inc. data)   RO Data    RW Data    ZI Data      Debug   

     31368       1270       1368      10352       5640    1372010   Grand Totals
     31368       1270       1368        144       5640    1372010   ELF Image Totals (compressed)
     31368       1270       1368        144          0          0   ROM Totals

==============================================================================

    Total RO  Size (Code + RO Data)                32736 (  31.97kB)
    Total RW  Size (RW Data + ZI Data)             15992 (  15.62kB)
    Total ROM Size (Code + RO Data + RW Data)      32880 (  32.11kB)

==============================================================================

